Archive member included to satisfy reference by file (symbol)

/usr/lib/gcc/arm-none-eabi/9.2.1/../../../arm-none-eabi/lib/thumb/v6-m/nofp/libc.a(lib_a-atexit.o)
                              /usr/lib/gcc/arm-none-eabi/9.2.1/../../../arm-none-eabi/lib/thumb/v6-m/nofp/crt0.o (atexit)
/usr/lib/gcc/arm-none-eabi/9.2.1/../../../arm-none-eabi/lib/thumb/v6-m/nofp/libc.a(lib_a-calloc.o)
                              build/libraries/pico-sdk/src/rp2_common/pico_malloc/pico_malloc.o (calloc)
/usr/lib/gcc/arm-none-eabi/9.2.1/../../../arm-none-eabi/lib/thumb/v6-m/nofp/libc.a(lib_a-exit.o)
                              /usr/lib/gcc/arm-none-eabi/9.2.1/../../../arm-none-eabi/lib/thumb/v6-m/nofp/crt0.o (exit)
/usr/lib/gcc/arm-none-eabi/9.2.1/../../../arm-none-eabi/lib/thumb/v6-m/nofp/libc.a(lib_a-fini.o)
                              /usr/lib/gcc/arm-none-eabi/9.2.1/../../../arm-none-eabi/lib/thumb/v6-m/nofp/crt0.o (__libc_fini_array)
/usr/lib/gcc/arm-none-eabi/9.2.1/../../../arm-none-eabi/lib/thumb/v6-m/nofp/libc.a(lib_a-impure.o)
                              /usr/lib/gcc/arm-none-eabi/9.2.1/../../../arm-none-eabi/lib/thumb/v6-m/nofp/libc.a(lib_a-exit.o) (_global_impure_ptr)
/usr/lib/gcc/arm-none-eabi/9.2.1/../../../arm-none-eabi/lib/thumb/v6-m/nofp/libc.a(lib_a-malloc.o)
                              build/libraries/pico-sdk/src/rp2_common/pico_malloc/pico_malloc.o (malloc)
/usr/lib/gcc/arm-none-eabi/9.2.1/../../../arm-none-eabi/lib/thumb/v6-m/nofp/libc.a(lib_a-memcmp.o)
                              build/kernel/components/finsh/shell.o (memcmp)
/usr/lib/gcc/arm-none-eabi/9.2.1/../../../arm-none-eabi/lib/thumb/v6-m/nofp/libc.a(lib_a-strcpy.o)
                              build/kernel/components/finsh/shell.o (strcpy)
/usr/lib/gcc/arm-none-eabi/9.2.1/../../../arm-none-eabi/lib/thumb/v6-m/nofp/libc.a(lib_a-strlen-stub.o)
                              build/libraries/pico-sdk/src/rp2_common/pico_stdio/stdio.o (strlen)
/usr/lib/gcc/arm-none-eabi/9.2.1/../../../arm-none-eabi/lib/thumb/v6-m/nofp/libc.a(lib_a-strncmp.o)
                              build/kernel/components/finsh/msh.o (strncmp)
/usr/lib/gcc/arm-none-eabi/9.2.1/../../../arm-none-eabi/lib/thumb/v6-m/nofp/libc.a(lib_a-strncpy.o)
                              build/kernel/components/finsh/shell.o (strncpy)
/usr/lib/gcc/arm-none-eabi/9.2.1/../../../arm-none-eabi/lib/thumb/v6-m/nofp/libc.a(lib_a-vprintf.o)
                              build/libraries/pico-sdk/src/rp2_common/pico_stdio/stdio.o (vprintf)
/usr/lib/gcc/arm-none-eabi/9.2.1/../../../arm-none-eabi/lib/thumb/v6-m/nofp/libc.a(lib_a-__atexit.o)
                              /usr/lib/gcc/arm-none-eabi/9.2.1/../../../arm-none-eabi/lib/thumb/v6-m/nofp/libc.a(lib_a-atexit.o) (__register_exitproc)
/usr/lib/gcc/arm-none-eabi/9.2.1/../../../arm-none-eabi/lib/thumb/v6-m/nofp/libc.a(lib_a-__call_atexit.o)
                              /usr/lib/gcc/arm-none-eabi/9.2.1/../../../arm-none-eabi/lib/thumb/v6-m/nofp/libc.a(lib_a-exit.o) (__call_exitprocs)
/usr/lib/gcc/arm-none-eabi/9.2.1/../../../arm-none-eabi/lib/thumb/v6-m/nofp/libc.a(lib_a-vfprintf.o)
                              /usr/lib/gcc/arm-none-eabi/9.2.1/../../../arm-none-eabi/lib/thumb/v6-m/nofp/libc.a(lib_a-vprintf.o) (_vfprintf_r)
/usr/lib/gcc/arm-none-eabi/9.2.1/../../../arm-none-eabi/lib/thumb/v6-m/nofp/libc.a(lib_a-wsetup.o)
                              /usr/lib/gcc/arm-none-eabi/9.2.1/../../../arm-none-eabi/lib/thumb/v6-m/nofp/libc.a(lib_a-vfprintf.o) (__swsetup_r)
/usr/lib/gcc/arm-none-eabi/9.2.1/../../../arm-none-eabi/lib/thumb/v6-m/nofp/libc.a(lib_a-dtoa.o)
                              /usr/lib/gcc/arm-none-eabi/9.2.1/../../../arm-none-eabi/lib/thumb/v6-m/nofp/libc.a(lib_a-vfprintf.o) (_dtoa_r)
/usr/lib/gcc/arm-none-eabi/9.2.1/../../../arm-none-eabi/lib/thumb/v6-m/nofp/libc.a(lib_a-fflush.o)
                              /usr/lib/gcc/arm-none-eabi/9.2.1/../../../arm-none-eabi/lib/thumb/v6-m/nofp/libc.a(lib_a-vfprintf.o) (_fflush_r)
/usr/lib/gcc/arm-none-eabi/9.2.1/../../../arm-none-eabi/lib/thumb/v6-m/nofp/libc.a(lib_a-findfp.o)
                              /usr/lib/gcc/arm-none-eabi/9.2.1/../../../arm-none-eabi/lib/thumb/v6-m/nofp/libc.a(lib_a-vfprintf.o) (__sinit)
/usr/lib/gcc/arm-none-eabi/9.2.1/../../../arm-none-eabi/lib/thumb/v6-m/nofp/libc.a(lib_a-fwalk.o)
                              /usr/lib/gcc/arm-none-eabi/9.2.1/../../../arm-none-eabi/lib/thumb/v6-m/nofp/libc.a(lib_a-findfp.o) (_fwalk)
/usr/lib/gcc/arm-none-eabi/9.2.1/../../../arm-none-eabi/lib/thumb/v6-m/nofp/libc.a(lib_a-localeconv.o)
                              /usr/lib/gcc/arm-none-eabi/9.2.1/../../../arm-none-eabi/lib/thumb/v6-m/nofp/libc.a(lib_a-vfprintf.o) (_localeconv_r)
/usr/lib/gcc/arm-none-eabi/9.2.1/../../../arm-none-eabi/lib/thumb/v6-m/nofp/libc.a(lib_a-makebuf.o)
                              /usr/lib/gcc/arm-none-eabi/9.2.1/../../../arm-none-eabi/lib/thumb/v6-m/nofp/libc.a(lib_a-wsetup.o) (__smakebuf_r)
[...]
Memory Configuration

Name             Origin             Length             Attributes
FLASH            0x0000000010000000 0x0000000000200000 xr
RAM              0x0000000020000000 0x0000000000040000 xrw
SCRATCH_X        0x0000000020040000 0x0000000000001000 xrw
SCRATCH_Y        0x0000000020041000 0x0000000000001000 xrw
*default*        0x0000000000000000 0xffffffffffffffff

Linker script and memory map

LOAD /usr/lib/gcc/arm-none-eabi/9.2.1/thumb/v6-m/nofp/crti.o
LOAD /usr/lib/gcc/arm-none-eabi/9.2.1/thumb/v6-m/nofp/crtbegin.o
LOAD /usr/lib/gcc/arm-none-eabi/9.2.1/../../../arm-none-eabi/lib/thumb/v6-m/nofp/crt0.o
LOAD build/libraries/pico-sdk/src/rp2_common/pico_platform/platform.o
LOAD build/libraries/pico-sdk/src/rp2_common/hardware_i2c/i2c.o
LOAD build/libraries/pico-sdk/src/rp2_common/pico_stdio/stdio.o
LOAD build/libraries/pico-sdk/src/rp2_common/pico_double/double_init_rom.o
LOAD build/libraries/pico-sdk/src/rp2_common/hardware_dma/dma.o
LOAD build/libraries/pico-sdk/src/rp2_common/pico_standard_link/crt0.o
LOAD build/libraries/pico-sdk/src/rp2_common/hardware_watchdog/watchdog.o
LOAD build/libraries/pico-sdk/src/rp2_common/pico_float/float_aeabi.o
LOAD build/libraries/pico-sdk/src/rp2_common/pico_double/double_aeabi.o
LOAD build/libraries/pico-sdk/src/rp2_common/pico_double/double_v1_rom_shim.o
LOAD build/libraries/pico-sdk/src/rp2_common/hardware_divider/divider.o
LOAD build/libraries/pico-sdk/src/rp2_common/pico_mem_ops/mem_ops_aeabi.o
LOAD build/libraries/pico-sdk/src/common/pico_sync/lock_core.o
LOAD build/libraries/pico-sdk/src/rp2_common/pico_printf/printf.o
LOAD build/libraries/pico-sdk/src/rp2_common/hardware_xosc/xosc.o
LOAD build/libraries/pico-sdk/src/rp2_common/pico_divider/divider.o
LOAD build/libraries/pico-sdk/src/rp2_common/hardware_spi/spi.o
LOAD build/libraries/pico-sdk/src/common/pico_time/timeout_helper.o
LOAD build/libraries/pico-sdk/src/common/pico_util/datetime.o
LOAD build/libraries/pico-sdk/src/rp2_common/hardware_uart/uart.o
LOAD build/libraries/pico-sdk/src/rp2_common/hardware_gpio/gpio.o
LOAD build/libraries/pico-sdk/src/rp2_common/hardware_irq/irq.o
LOAD build/libraries/pico-sdk/src/common/pico_util/queue.o
LOAD build/libraries/pico-sdk/src/rp2_common/hardware_clocks/clocks.o
LOAD build/libraries/pico-sdk/src/rp2_common/pico_standard_link/binary_info.o
LOAD build/libraries/pico-sdk/src/rp2_common/pico_float/float_init_rom.o
LOAD build/libraries/pico-sdk/src/common/pico_sync/mutex.o
LOAD build/libraries/generated/bs2_default_padded_checksummed.o
LOAD build/libraries/pico-sdk/src/rp2_common/pico_float/float_math.o
LOAD build/libraries/pico-sdk/src/common/pico_sync/critical_section.o
LOAD build/libraries/pico-sdk/src/rp2_common/pico_stdio_uart/stdio_uart.o
LOAD build/libraries/pico-sdk/src/rp2_common/hardware_timer/timer.o
LOAD build/libraries/pico-sdk/src/rp2_common/pico_double/double_math.o
LOAD build/libraries/pico-sdk/src/rp2_common/pico_malloc/pico_malloc.o
LOAD build/libraries/pico-sdk/src/common/pico_time/time.o
LOAD build/libraries/pico-sdk/src/common/pico_sync/sem.o
LOAD build/libraries/pico-sdk/src/common/pico_util/pheap.o
LOAD build/libraries/pico-sdk/src/rp2_common/pico_bit_ops/bit_ops_aeabi.o
LOAD build/libraries/pico-sdk/src/rp2_common/pico_runtime/runtime.o
LOAD build/libraries/pico-sdk/src/rp2_common/pico_standard_link/new_delete.o
LOAD build/libraries/pico-sdk/src/rp2_common/pico_stdlib/stdlib.o
LOAD build/libraries/pico-sdk/src/rp2_common/hardware_pll/pll.o
LOAD build/libraries/pico-sdk/src/rp2_common/pico_bootrom/bootrom.o
LOAD build/libraries/pico-sdk/src/rp2_common/pico_float/float_v1_rom_shim.o
LOAD build/libraries/pico-sdk/src/rp2_common/hardware_irq/irq_handler_chain.o
LOAD build/libraries/pico-sdk/src/rp2_common/hardware_vreg/vreg.o
LOAD build/libraries/pico-sdk/src/rp2_common/hardware_claim/claim.o
LOAD build/libraries/pico-sdk/src/rp2_common/hardware_sync/sync.o
LOAD build/libraries/pico-sdk/src/rp2_common/pico_int64_ops/pico_int64_ops_aeabi.o
LOAD build/core_controller_rtthread/sbus.o
LOAD build/core_controller_rtthread/gpio_mcp23017.o
LOAD build/core_controller_rtthread/dma.o
LOAD build/core_controller_rtthread/main.o
LOAD build/drivers/drv_gpio.o
LOAD build/drivers/drv_uart.o
LOAD build/board/board.o
LOAD build/kernel/src/components.o
LOAD build/kernel/src/thread.o
LOAD build/kernel/src/irq.o
LOAD build/kernel/src/ipc.o
LOAD build/kernel/src/mempool.o
LOAD build/kernel/src/idle.o
LOAD build/kernel/src/scheduler.o
LOAD build/kernel/src/timer.o
LOAD build/kernel/src/device.o
LOAD build/kernel/src/mem.o
LOAD build/kernel/src/kservice.o
LOAD build/kernel/src/object.o
LOAD build/kernel/src/clock.o
LOAD build/kernel/libcpu/arm/common/showmem.o
LOAD build/kernel/libcpu/arm/common/backtrace.o
LOAD build/kernel/libcpu/arm/common/div0.o
LOAD build/kernel/libcpu/arm/cortex-m0/context_gcc.o
LOAD build/kernel/libcpu/arm/cortex-m0/cpuport.o
LOAD build/kernel/components/drivers/serial/serial.o
LOAD build/kernel/components/drivers/ipc/ringblk_buf.o
LOAD build/kernel/components/drivers/ipc/waitqueue.o
LOAD build/kernel/components/drivers/ipc/completion.o
LOAD build/kernel/components/drivers/ipc/dataqueue.o
LOAD build/kernel/components/drivers/ipc/pipe.o
LOAD build/kernel/components/drivers/ipc/workqueue.o
LOAD build/kernel/components/drivers/ipc/ringbuffer.o
LOAD build/kernel/components/drivers/misc/pin.o
LOAD build/kernel/components/finsh/shell.o
LOAD build/kernel/components/finsh/msh.o
LOAD build/kernel/components/finsh/cmd.o
LOAD build/kernel/components/libc/compilers/common/stdlib.o
LOAD build/kernel/components/libc/compilers/common/time.o
LOAD build/kernel/components/libc/compilers/newlib/syscalls.o
LOAD /usr/lib/gcc/arm-none-eabi/9.2.1/../../../arm-none-eabi/lib/thumb/v6-m/nofp/libc.a
LOAD /usr/lib/gcc/arm-none-eabi/9.2.1/../../../arm-none-eabi/lib/thumb/v6-m/nofp/libm.a
START GROUP
LOAD /usr/lib/gcc/arm-none-eabi/9.2.1/thumb/v6-m/nofp/libgcc.a
LOAD /usr/lib/gcc/arm-none-eabi/9.2.1/../../../arm-none-eabi/lib/thumb/v6-m/nofp/libc.a
END GROUP
START GROUP
LOAD /usr/lib/gcc/arm-none-eabi/9.2.1/thumb/v6-m/nofp/libgcc.a
LOAD /usr/lib/gcc/arm-none-eabi/9.2.1/../../../arm-none-eabi/lib/thumb/v6-m/nofp/libc.a
LOAD /usr/lib/gcc/arm-none-eabi/9.2.1/../../../arm-none-eabi/lib/thumb/v6-m/nofp/libnosys.a
END GROUP
LOAD /usr/lib/gcc/arm-none-eabi/9.2.1/thumb/v6-m/nofp/crtend.o
LOAD /usr/lib/gcc/arm-none-eabi/9.2.1/thumb/v6-m/nofp/crtn.o

.flash_begin    0x0000000010000000        0x0
                0x0000000010000000                __flash_binary_start = .

.boot2          0x0000000010000000      0x100
                0x0000000010000000                __boot2_start__ = .
 *(.boot2)
 .boot2         0x0000000010000000      0x100 build/libraries/generated/bs2_default_padded_checksummed.o
                0x0000000010000100                __boot2_end__ = .
                0x0000000000000001                ASSERT (((__boot2_end__ - __boot2_start__) == 0x100), ERROR: Pico second stage bootloader must be 256 bytes in size)

.text           0x0000000010000100    0x11cfc
                0x0000000010000100                __reset_start = .
 *(.reset)
 .reset         0x0000000010000100       0xa8 build/libraries/pico-sdk/src/rp2_common/pico_standard_link/crt0.o
                0x0000000010000100                _entry_point
                0x000000001000017e                __get_current_exception
                0x0000000010000200                . = ALIGN (0x100)
 *fill*         0x00000000100001a8       0x58 
                0x0000000010000200                __reset_end = .
                0x0000000000000001                ASSERT (((__reset_end - __reset_start) == 0x100), ERROR: reset section should only be 256 bytes)
 *(.vectors)
 .vectors       0x0000000010000200       0xd4 build/libraries/pico-sdk/src/rp2_common/pico_standard_link/crt0.o
                0x0000000010000200                __vectors
                0x0000000010000200                __VECTOR_TABLE
                0x00000000100002c0                isr_invalid
                0x00000000100002c0                __default_isrs_start
                0x00000000100002c2                isr_nmi
                0x00000000100002c4                isr_hardfault
                0x00000000100002c6                isr_svcall
                0x00000000100002c8                isr_pendsv
                0x00000000100002cc                isr_irq30
                0x00000000100002cc                __unhandled_user_irq
                0x00000000100002cc                isr_irq13
                0x00000000100002cc                isr_irq27
                0x00000000100002cc                isr_irq31
                0x00000000100002cc                isr_irq5
                0x00000000100002cc                isr_irq11
                0x00000000100002cc                isr_irq23
                0x00000000100002cc                isr_irq18
                0x00000000100002cc                isr_irq28
                0x00000000100002cc                isr_irq19
                0x00000000100002cc                isr_irq0
                0x00000000100002cc                isr_irq6
                0x00000000100002cc                isr_irq22
                0x00000000100002cc                isr_irq17
                0x00000000100002cc                isr_irq14
                0x00000000100002cc                isr_irq2
                0x00000000100002cc                isr_irq10
                0x00000000100002cc                isr_irq8
                0x00000000100002cc                isr_irq24
                0x00000000100002cc                isr_irq1
                0x00000000100002cc                isr_irq7
                0x00000000100002cc                isr_irq21
                0x00000000100002cc                isr_irq20
                0x00000000100002cc                isr_irq15
                0x00000000100002cc                isr_irq25
                0x00000000100002cc                isr_irq4
                0x00000000100002cc                isr_irq16
                0x00000000100002cc                isr_irq29
                0x00000000100002cc                isr_irq26
                0x00000000100002cc                __default_isrs_end
                0x00000000100002cc                isr_irq3
                0x00000000100002cc                isr_irq12
                0x00000000100002cc                isr_irq9
                0x00000000100002d2                unhandled_user_irq_num_in_r0
 *(.init)
 .init          0x00000000100002d4        0x4 /usr/lib/gcc/arm-none-eabi/9.2.1/thumb/v6-m/nofp/crti.o
                0x00000000100002d4                _init
 *(EXCLUDE_FILE(*libm.a: *libc.a:*lib_a-mem*.o *libgcc.a:) .text*)
 .text          0x00000000100002d8       0x98 /usr/lib/gcc/arm-none-eabi/9.2.1/thumb/v6-m/nofp/crtbegin.o
 .text.running_on_fpga
                0x0000000010000370       0x1c build/libraries/pico-sdk/src/rp2_common/pico_platform/platform.o
                0x0000000010000370                running_on_fpga
 .text.reset_block
                0x000000001000038c       0x2c build/libraries/pico-sdk/src/rp2_common/hardware_i2c/i2c.o
 .text.unreset_block_wait
                0x00000000100003b8       0x3c build/libraries/pico-sdk/src/rp2_common/hardware_i2c/i2c.o
 .text.i2c_reset
                0x00000000100003f4       0x28 build/libraries/pico-sdk/src/rp2_common/hardware_i2c/i2c.o
 .text.i2c_unreset
                0x000000001000041c       0x28 build/libraries/pico-sdk/src/rp2_common/hardware_i2c/i2c.o
 .text.i2c_init
                0x0000000010000444       0x62 build/libraries/pico-sdk/src/rp2_common/hardware_i2c/i2c.o
                0x0000000010000444                i2c_init
 *fill*         0x00000000100004a6        0x2 
 .text.i2c_set_baudrate
                0x00000000100004a8      0x158 build/libraries/pico-sdk/src/rp2_common/hardware_i2c/i2c.o
                0x00000000100004a8                i2c_set_baudrate
 .text.i2c_write_blocking_internal
                0x0000000010000600      0x238 build/libraries/pico-sdk/src/rp2_common/hardware_i2c/i2c.o
 .text.i2c_write_blocking
                0x0000000010000838       0x3e build/libraries/pico-sdk/src/rp2_common/hardware_i2c/i2c.o
                0x0000000010000838                i2c_write_blocking
 *fill*         0x0000000010000876        0x2 
 .text.stdout_serialize_begin
                0x0000000010000878       0x50 build/libraries/pico-sdk/src/rp2_common/pico_stdio/stdio.o
                0x0000000010000878                stdout_serialize_begin
 .text.stdout_serialize_end
                0x00000000100008c8       0x18 build/libraries/pico-sdk/src/rp2_common/pico_stdio/stdio.o
                0x00000000100008c8                stdout_serialize_end
 .text.stdio_out_chars_no_crlf
                0x00000000100008e0       0x20 build/libraries/pico-sdk/src/rp2_common/pico_stdio/stdio.o
 .text.stdio_out_chars_crlf
                0x0000000010000900       0xf4 build/libraries/pico-sdk/src/rp2_common/pico_stdio/stdio.o
 .text.stdio_put_string
                0x00000000100009f4       0xcc build/libraries/pico-sdk/src/rp2_common/pico_stdio/stdio.o
 .text.__wrap_puts
                0x0000000010000ac0       0x2e build/libraries/pico-sdk/src/rp2_common/pico_stdio/stdio.o
                0x0000000010000ac0                __wrap_puts
 *fill*         0x0000000010000aee        0x2 
 .text.stdio_flush
                0x0000000010000af0       0x38 build/libraries/pico-sdk/src/rp2_common/pico_stdio/stdio.o
                0x0000000010000af0                stdio_flush
 .text.__wrap_vprintf
                0x0000000010000b28       0x3c build/libraries/pico-sdk/src/rp2_common/pico_stdio/stdio.o
                0x0000000010000b28                __wrap_vprintf
 .text.__wrap_printf
                0x0000000010000b64       0x2e build/libraries/pico-sdk/src/rp2_common/pico_stdio/stdio.o
                0x0000000010000b64                __wrap_printf
 .text.rp2040_rom_version
                0x0000000010000b92        0xe build/libraries/pico-sdk/src/rp2_common/pico_double/double_init_rom.o
 .text.rom_table_code
                0x0000000010000ba0       0x26 build/libraries/pico-sdk/src/rp2_common/pico_double/double_init_rom.o
 *fill*         0x0000000010000bc6        0x2 
 .text.__aeabi_double_init
                0x0000000010000bc8       0xfc build/libraries/pico-sdk/src/rp2_common/pico_double/double_init_rom.o
                0x0000000010000bc8                __aeabi_double_init
 .text.watchdog_start_tick
                0x0000000010000cc4       0x20 build/libraries/pico-sdk/src/rp2_common/hardware_watchdog/watchdog.o
                0x0000000010000cc4                watchdog_start_tick
 .text.__wrap___aeabi_darithmetic
                0x0000000010000ce4       0x80 build/libraries/pico-sdk/src/rp2_common/pico_double/double_aeabi.o
                0x0000000010000ce4                __wrap___aeabi_drsub
                0x0000000010000cea                __wrap___aeabi_dsub
                0x0000000010000cfc                __wrap___aeabi_dadd
                0x0000000010000d0e                __wrap___aeabi_ddiv
                0x0000000010000d4a                __wrap___aeabi_dmul
 .text.__wrap___aeabi_cdcmple
                0x0000000010000d64       0x6c build/libraries/pico-sdk/src/rp2_common/pico_double/double_aeabi.o
                0x0000000010000d64                __wrap___aeabi_cdrcmple
                0x0000000010000d74                __wrap___aeabi_cdcmple
                0x0000000010000d74                __wrap___aeabi_cdcmpeq
 .text.__wrap___aeabi_dcmpeq
                0x0000000010000dd0       0x10 build/libraries/pico-sdk/src/rp2_common/pico_double/double_aeabi.o
                0x0000000010000dd0                __wrap___aeabi_dcmpeq
 .text.__wrap___aeabi_dcmplt
                0x0000000010000de0        0xc build/libraries/pico-sdk/src/rp2_common/pico_double/double_aeabi.o
                0x0000000010000de0                __wrap___aeabi_dcmplt
 .text.__wrap___aeabi_dcmple
                0x0000000010000dec       0x10 build/libraries/pico-sdk/src/rp2_common/pico_double/double_aeabi.o
                0x0000000010000dec                __wrap___aeabi_dcmple
 .text.__wrap___aeabi_dcmpge
                0x0000000010000dfc       0x10 build/libraries/pico-sdk/src/rp2_common/pico_double/double_aeabi.o
                0x0000000010000dfc                __wrap___aeabi_dcmpge
 .text.__wrap___aeabi_dcmpgt
                0x0000000010000e0c        0xa build/libraries/pico-sdk/src/rp2_common/pico_double/double_aeabi.o
                0x0000000010000e0c                __wrap___aeabi_dcmpgt
 .text.__wrap___aeabi_dcmpun
                0x0000000010000e16       0x1c build/libraries/pico-sdk/src/rp2_common/pico_double/double_aeabi.o
                0x0000000010000e16                __wrap___aeabi_dcmpun
 *fill*         0x0000000010000e32        0x2 
 .text.__wrap___aeabi_i2d
                0x0000000010000e34       0x38 build/libraries/pico-sdk/src/rp2_common/pico_double/double_aeabi.o
                0x0000000010000e34                __wrap___aeabi_ui2d
                0x0000000010000e3c                __wrap___aeabi_i2d
 .text.__wrap___aeabi_d2iz
                0x0000000010000e6c       0x48 build/libraries/pico-sdk/src/rp2_common/pico_double/double_aeabi.o
                0x0000000010000e6c                __wrap___aeabi_d2iz
                0x0000000010000e6c                double2int_z
 .text.double_table_shim_on_use_helper
                0x0000000010000eb4       0x34 build/libraries/pico-sdk/src/rp2_common/pico_double/double_v1_rom_shim.o
                0x0000000010000eb4                double_table_shim_on_use_helper
 .text.__wrap___aeabi_dsub
                0x0000000010000ee8       0x10 build/libraries/pico-sdk/src/rp2_common/pico_double/double_v1_rom_shim.o
                0x0000000010000ee8                drsub_shim
                0x0000000010000eee                dsub_shim
 .text.dadd_shim
                0x0000000010000ef8      0x15c build/libraries/pico-sdk/src/rp2_common/pico_double/double_v1_rom_shim.o
                0x0000000010000ef8                dadd_shim
 .text.dmul_shim
                0x0000000010001054      0x15c build/libraries/pico-sdk/src/rp2_common/pico_double/double_v1_rom_shim.o
                0x0000000010001054                dmul_shim
 .text.ddiv_shim
                0x00000000100011b0      0x1b0 build/libraries/pico-sdk/src/rp2_common/pico_double/double_v1_rom_shim.o
                0x00000000100011b0                ddiv_shim
 .text          0x0000000010001360       0x10 build/libraries/pico-sdk/src/rp2_common/pico_mem_ops/mem_ops_aeabi.o
                0x0000000010001360                __aeabi_mem_init
 .text.memset   0x0000000010001370        0xc build/libraries/pico-sdk/src/rp2_common/pico_mem_ops/mem_ops_aeabi.o
                0x0000000010001370                __wrap_memset
 .text.memcpy   0x000000001000137c        0xc build/libraries/pico-sdk/src/rp2_common/pico_mem_ops/mem_ops_aeabi.o
                0x000000001000137c                __wrap___aeabi_memcpy
                0x000000001000137c                __wrap_memcpy
 .text.lock_init
                0x0000000010001388       0x2c build/libraries/pico-sdk/src/common/pico_sync/lock_core.o
                0x0000000010001388                lock_init
 .text.xosc_init
                0x00000000100013b4       0x48 build/libraries/pico-sdk/src/rp2_common/hardware_xosc/xosc.o
                0x00000000100013b4                xosc_init
 .text.__wrap___aeabi_idiv
                0x00000000100013fc       0x50 build/libraries/pico-sdk/src/rp2_common/pico_divider/divider.o
                0x00000000100013fc                __wrap___aeabi_idivmod
                0x00000000100013fc                divmod_s32s32
                0x00000000100013fc                div_s32s32
                0x00000000100013fc                __wrap___aeabi_idiv
                0x0000000010001404                divmod_s32s32_unsafe
                0x0000000010001430                divmod_s32s32_savestate
 .text.__wrap___aeabi_uidiv
                0x000000001000144c       0x4c build/libraries/pico-sdk/src/rp2_common/pico_divider/divider.o
                0x000000001000144c                __wrap___aeabi_uidiv
                0x000000001000144c                __wrap___aeabi_uidivmod
                0x000000001000144c                div_u32u32
                0x000000001000144c                divmod_u32u32
                0x0000000010001454                divmod_u32u32_unsafe
                0x000000001000147c                divmod_u32u32_savestate
 .text.__wrap___aeabi_ldiv
                0x0000000010001498      0x434 build/libraries/pico-sdk/src/rp2_common/pico_divider/divider.o
                0x0000000010001498                div_s64s64
                0x0000000010001498                divmod_s64s64
                0x0000000010001498                __wrap___aeabi_ldivmod
                0x00000000100014d0                div_u64u64
                0x00000000100014d0                divmod_u64u64
                0x00000000100014d0                __wrap___aeabi_uldivmod
                0x00000000100014e0                divmod_u64u64_savestate
                0x0000000010001508                divmod_s64s64_unsafe
                0x0000000010001590                divmod_u64u64_unsafe
 .text.uart_get_index
                0x00000000100018cc       0x24 build/libraries/pico-sdk/src/rp2_common/hardware_uart/uart.o
 .text.uart_get_hw
                0x00000000100018f0       0x1a build/libraries/pico-sdk/src/rp2_common/hardware_uart/uart.o
 .text.uart_set_format
                0x000000001000190a       0x80 build/libraries/pico-sdk/src/rp2_common/hardware_uart/uart.o
 *fill*         0x000000001000198a        0x2 
 .text.reset_block
                0x000000001000198c       0x2c build/libraries/pico-sdk/src/rp2_common/hardware_uart/uart.o
 .text.unreset_block_wait
                0x00000000100019b8       0x3c build/libraries/pico-sdk/src/rp2_common/hardware_uart/uart.o
 .text.uart_reset
                0x00000000100019f4       0x2c build/libraries/pico-sdk/src/rp2_common/hardware_uart/uart.o
 .text.uart_unreset
                0x0000000010001a20       0x2c build/libraries/pico-sdk/src/rp2_common/hardware_uart/uart.o
 .text.uart_init
                0x0000000010001a4c       0x98 build/libraries/pico-sdk/src/rp2_common/hardware_uart/uart.o
                0x0000000010001a4c                uart_init
 .text.uart_set_baudrate
                0x0000000010001ae4       0xbc build/libraries/pico-sdk/src/rp2_common/hardware_uart/uart.o
                0x0000000010001ae4                uart_set_baudrate
 .text.uart_set_translate_crlf
                0x0000000010001ba0       0x3c build/libraries/pico-sdk/src/rp2_common/hardware_uart/uart.o
                0x0000000010001ba0                uart_set_translate_crlf
 .text.gpio_set_function
                0x0000000010001bdc       0x64 build/libraries/pico-sdk/src/rp2_common/hardware_gpio/gpio.o
                0x0000000010001bdc                gpio_set_function
 .text.gpio_set_pulls
                0x0000000010001c40       0x74 build/libraries/pico-sdk/src/rp2_common/hardware_gpio/gpio.o
                0x0000000010001c40                gpio_set_pulls
 .text.gpio_init
                0x0000000010001cb4       0x36 build/libraries/pico-sdk/src/rp2_common/hardware_gpio/gpio.o
                0x0000000010001cb4                gpio_init
 .text.check_irq_param
                0x0000000010001cea       0x10 build/libraries/pico-sdk/src/rp2_common/hardware_irq/irq.o
 *fill*         0x0000000010001cfa        0x2 
 .text.get_vtable
                0x0000000010001cfc       0x14 build/libraries/pico-sdk/src/rp2_common/hardware_irq/irq.o
 .text.set_raw_irq_handler_and_unlock
                0x0000000010001d10       0x68 build/libraries/pico-sdk/src/rp2_common/hardware_irq/irq.o
 .text.irq_set_enabled
                0x0000000010001d78       0x30 build/libraries/pico-sdk/src/rp2_common/hardware_irq/irq.o
                0x0000000010001d78                irq_set_enabled
 .text.irq_set_mask_enabled
                0x0000000010001da8       0x40 build/libraries/pico-sdk/src/rp2_common/hardware_irq/irq.o
                0x0000000010001da8                irq_set_mask_enabled
 .text.irq_get_vtable_handler
                0x0000000010001de8       0x28 build/libraries/pico-sdk/src/rp2_common/hardware_irq/irq.o
                0x0000000010001de8                irq_get_vtable_handler
 .text.irq_set_exclusive_handler
                0x0000000010001e10       0xa4 build/libraries/pico-sdk/src/rp2_common/hardware_irq/irq.o
                0x0000000010001e10                irq_set_exclusive_handler
 .text.irq_init_priorities
                0x0000000010001eb4       0x3c build/libraries/pico-sdk/src/rp2_common/hardware_irq/irq.o
                0x0000000010001eb4                irq_init_priorities
 .text.has_glitchless_mux
                0x0000000010001ef0       0x32 build/libraries/pico-sdk/src/rp2_common/hardware_clocks/clocks.o
 *fill*         0x0000000010001f22        0x2 
 .text.clock_configure
                0x0000000010001f24      0x284 build/libraries/pico-sdk/src/rp2_common/hardware_clocks/clocks.o
                0x0000000010001f24                clock_configure
 .text.clocks_init
                0x00000000100021a8      0x148 build/libraries/pico-sdk/src/rp2_common/hardware_clocks/clocks.o
                0x00000000100021a8                clocks_init
 .text.clock_get_hz
                0x00000000100022f0       0x24 build/libraries/pico-sdk/src/rp2_common/hardware_clocks/clocks.o
                0x00000000100022f0                clock_get_hz
 .text.rp2040_rom_version
                0x0000000010002314        0xe build/libraries/pico-sdk/src/rp2_common/pico_float/float_init_rom.o
 .text.rom_table_code
                0x0000000010002322       0x26 build/libraries/pico-sdk/src/rp2_common/pico_float/float_init_rom.o
 .text.__aeabi_float_init
                0x0000000010002348      0x130 build/libraries/pico-sdk/src/rp2_common/pico_float/float_init_rom.o
                0x0000000010002348                __aeabi_float_init
 .text.mutex_init
                0x0000000010002478       0x2e build/libraries/pico-sdk/src/common/pico_sync/mutex.o
                0x0000000010002478                mutex_init
 .text.to_us_since_boot
                0x00000000100024a6       0x18 build/libraries/pico-sdk/src/rp2_common/hardware_timer/timer.o
 *fill*         0x00000000100024be        0x2 
 .text.irq_clear
                0x00000000100024c0       0x24 build/libraries/pico-sdk/src/rp2_common/hardware_timer/timer.o
 .text.time_us_64
                0x00000000100024e4       0x60 build/libraries/pico-sdk/src/rp2_common/hardware_timer/timer.o
                0x00000000100024e4                time_us_64
 .text.busy_wait_until
                0x0000000010002544       0x6c build/libraries/pico-sdk/src/rp2_common/hardware_timer/timer.o
                0x0000000010002544                busy_wait_until
 .text.harware_alarm_irq_number
                0x00000000100025b0       0x12 build/libraries/pico-sdk/src/rp2_common/hardware_timer/timer.o
 *fill*         0x00000000100025c2        0x2 
 .text.hardware_alarm_set_target
                0x00000000100025c4      0x1c4 build/libraries/pico-sdk/src/rp2_common/hardware_timer/timer.o
                0x00000000100025c4                hardware_alarm_set_target
 .text.to_us_since_boot
                0x0000000010002788       0x18 build/libraries/pico-sdk/src/common/pico_time/time.o
 .text.update_us_since_boot
                0x00000000100027a0       0x40 build/libraries/pico-sdk/src/common/pico_time/time.o
 .text.time_reached
                0x00000000100027e0       0x64 build/libraries/pico-sdk/src/common/pico_time/time.o
 .text.get_absolute_time
                0x0000000010002844       0x2c build/libraries/pico-sdk/src/common/pico_time/time.o
 .text.delayed_by_us
                0x0000000010002870       0x72 build/libraries/pico-sdk/src/common/pico_time/time.o
 .text.make_timeout_time_us
                0x00000000100028e2       0x36 build/libraries/pico-sdk/src/common/pico_time/time.o
 .text.absolute_time_diff_us
                0x0000000010002918       0x40 build/libraries/pico-sdk/src/common/pico_time/time.o
 .text.add_alarm_at
                0x0000000010002958       0x34 build/libraries/pico-sdk/src/common/pico_time/time.o
 .text.ph_get_node
                0x000000001000298c       0x54 build/libraries/pico-sdk/src/common/pico_time/time.o
 .text.ph_add_child_node
                0x00000000100029e0       0xc4 build/libraries/pico-sdk/src/common/pico_time/time.o
 .text.ph_merge_nodes
                0x0000000010002aa4       0x7e build/libraries/pico-sdk/src/common/pico_time/time.o
 .text.ph_new_node
                0x0000000010002b22       0x6a build/libraries/pico-sdk/src/common/pico_time/time.o
 .text.ph_insert_node
                0x0000000010002b8c       0x7c build/libraries/pico-sdk/src/common/pico_time/time.o
 .text.ph_contains_node
                0x0000000010002c08       0x46 build/libraries/pico-sdk/src/common/pico_time/time.o
 *fill*         0x0000000010002c4e        0x2 
 .text.default_alarm_pool_initialized
                0x0000000010002c50       0x18 build/libraries/pico-sdk/src/common/pico_time/time.o
 .text.get_entry
                0x0000000010002c68       0x5c build/libraries/pico-sdk/src/common/pico_time/time.o
 .text.get_entry_id_high
                0x0000000010002cc4       0x50 build/libraries/pico-sdk/src/common/pico_time/time.o
 .text.make_public_id
                0x0000000010002d14       0x26 build/libraries/pico-sdk/src/common/pico_time/time.o
 *fill*         0x0000000010002d3a        0x2 
 .text.alarm_pool_get_default
                0x0000000010002d3c       0x30 build/libraries/pico-sdk/src/common/pico_time/time.o
                0x0000000010002d3c                alarm_pool_get_default
 .text.add_alarm_under_lock
                0x0000000010002d6c      0x12c build/libraries/pico-sdk/src/common/pico_time/time.o
 .text.alarm_pool_add_alarm_at
                0x0000000010002e98      0x188 build/libraries/pico-sdk/src/common/pico_time/time.o
                0x0000000010002e98                alarm_pool_add_alarm_at
 .text.sleep_until_callback
                0x0000000010003020       0x80 build/libraries/pico-sdk/src/common/pico_time/time.o
 .text.sleep_until
                0x00000000100030a0      0x148 build/libraries/pico-sdk/src/common/pico_time/time.o
                0x00000000100030a0                sleep_until
 .text.sleep_us
                0x00000000100031e8       0x2c build/libraries/pico-sdk/src/common/pico_time/time.o
                0x00000000100031e8                sleep_us
 .text.sleep_ms
                0x0000000010003214       0x32 build/libraries/pico-sdk/src/common/pico_time/time.o
                0x0000000010003214                sleep_ms
 *fill*         0x0000000010003246        0x2 
 .text.ph_get_node
                0x0000000010003248       0x54 build/libraries/pico-sdk/src/common/pico_util/pheap.o
 .text.ph_add_child_node
                0x000000001000329c       0xc4 build/libraries/pico-sdk/src/common/pico_util/pheap.o
 .text.ph_merge_nodes
                0x0000000010003360       0x7e build/libraries/pico-sdk/src/common/pico_util/pheap.o
 .text.ph_peek_head
                0x00000000100033de       0x14 build/libraries/pico-sdk/src/common/pico_util/pheap.o
 .text.ph_remove_and_free_head
                0x00000000100033f2       0x1c build/libraries/pico-sdk/src/common/pico_util/pheap.o
 .text.ph_merge_two_pass
                0x000000001000340e       0xd0 build/libraries/pico-sdk/src/common/pico_util/pheap.o
                0x000000001000340e                ph_merge_two_pass
 *fill*         0x00000000100034de        0x2 
 .text.ph_remove_any_head
                0x00000000100034e0      0x118 build/libraries/pico-sdk/src/common/pico_util/pheap.o
 .text.ph_remove_head
                0x00000000100035f8       0x44 build/libraries/pico-sdk/src/common/pico_util/pheap.o
                0x00000000100035f8                ph_remove_head
 .text.ph_remove_and_free_node
                0x000000001000363c      0x154 build/libraries/pico-sdk/src/common/pico_util/pheap.o
                0x000000001000363c                ph_remove_and_free_node
 .text          0x0000000010003790       0x10 build/libraries/pico-sdk/src/rp2_common/pico_bit_ops/bit_ops_aeabi.o
 .text.reset_block
                0x00000000100037a0       0x2c build/libraries/pico-sdk/src/rp2_common/pico_runtime/runtime.o
 .text.unreset_block_wait
                0x00000000100037cc       0x3c build/libraries/pico-sdk/src/rp2_common/pico_runtime/runtime.o
 .text.runtime_init
                0x0000000010003808       0xcc build/libraries/pico-sdk/src/rp2_common/pico_runtime/runtime.o
                0x0000000010003808                runtime_init
 .text.__assert_func
                0x00000000100038d4       0x4c build/libraries/pico-sdk/src/rp2_common/pico_runtime/runtime.o
                0x00000000100038d4                __assert_func
 .text.panic    0x0000000010003920       0x40 build/libraries/pico-sdk/src/rp2_common/pico_runtime/runtime.o
                0x0000000010003920                panic
 .text.reset_block
                0x0000000010003960       0x2c build/libraries/pico-sdk/src/rp2_common/hardware_pll/pll.o
 .text.unreset_block_wait
                0x000000001000398c       0x3c build/libraries/pico-sdk/src/rp2_common/hardware_pll/pll.o
 .text.pll_init
                0x00000000100039c8      0x17c build/libraries/pico-sdk/src/rp2_common/hardware_pll/pll.o
                0x00000000100039c8                pll_init
 .text.rom_func_lookup
                0x0000000010003b44       0x2c build/libraries/pico-sdk/src/rp2_common/pico_bootrom/bootrom.o
                0x0000000010003b44                rom_func_lookup
 .text.rom_data_lookup
                0x0000000010003b70       0x28 build/libraries/pico-sdk/src/rp2_common/pico_bootrom/bootrom.o
                0x0000000010003b70                rom_data_lookup
 .text.rom_funcs_lookup
                0x0000000010003b98       0x68 build/libraries/pico-sdk/src/rp2_common/pico_bootrom/bootrom.o
                0x0000000010003b98                rom_funcs_lookup
 .text.float_table_shim_on_use_helper
                0x0000000010003c00       0x34 build/libraries/pico-sdk/src/rp2_common/pico_float/float_v1_rom_shim.o
                0x0000000010003c00                float_table_shim_on_use_helper
 .text.spin_locks_reset
                0x0000000010003c34       0x48 build/libraries/pico-sdk/src/rp2_common/hardware_sync/sync.o
                0x0000000010003c34                spin_locks_reset
 .text.next_striped_spin_lock_num
                0x0000000010003c7c       0x30 build/libraries/pico-sdk/src/rp2_common/hardware_sync/sync.o
                0x0000000010003c7c                next_striped_spin_lock_num
 .text.__aeabi_lmul
                0x0000000010003cac       0x32 build/libraries/pico-sdk/src/rp2_common/pico_int64_ops/pico_int64_ops_aeabi.o
                0x0000000010003cac                __wrap___aeabi_lmul
 .text._ZN6SwitchI8Mcp23017E3OffEv
                0x0000000010003cde       0x1e build/core_controller_rtthread/sbus.o
                0x0000000010003cde                Switch<Mcp23017>::Off()
 .text._ZN6SwitchI8Mcp23017E2OnEv
                0x0000000010003cfc       0x24 build/core_controller_rtthread/sbus.o
                0x0000000010003cfc                Switch<Mcp23017>::On()
 .text._ZN6SwitchI8Mcp23017E6ModifyEb
                0x0000000010003d20       0x30 build/core_controller_rtthread/sbus.o
                0x0000000010003d20                Switch<Mcp23017>::Modify(bool)
 .text._ZN6SwitchI8Mcp23017E3SetEv
                0x0000000010003d50       0x20 build/core_controller_rtthread/sbus.o
                0x0000000010003d50                Switch<Mcp23017>::Set()
 .text._ZN6SwitchI8Mcp23017E5ResetEv
                0x0000000010003d70       0x20 build/core_controller_rtthread/sbus.o
                0x0000000010003d70                Switch<Mcp23017>::Reset()
 .text._ZN8Mcp23017C2EP8i2c_insth
                0x0000000010003d90       0x74 build/core_controller_rtthread/gpio_mcp23017.o
                0x0000000010003d90                Mcp23017::Mcp23017(i2c_inst*, unsigned char)
                0x0000000010003d90                Mcp23017::Mcp23017(i2c_inst*, unsigned char)
 .text._ZN8Mcp230173SetEh
                0x0000000010003e04       0x40 build/core_controller_rtthread/gpio_mcp23017.o
                0x0000000010003e04                Mcp23017::Set(unsigned char)
 .text._ZN8Mcp230175ResetEh
                0x0000000010003e44       0x44 build/core_controller_rtthread/gpio_mcp23017.o
                0x0000000010003e44                Mcp23017::Reset(unsigned char)
 .text._ZN8Mcp230179UpdateAllEt
                0x0000000010003e88       0x70 build/core_controller_rtthread/gpio_mcp23017.o
                0x0000000010003e88                Mcp23017::UpdateAll(unsigned short)
 .text._ZN8DmaEntryC2Ev
                0x0000000010003ef8       0x1a build/core_controller_rtthread/dma.o
                0x0000000010003ef8                DmaEntry::DmaEntry()
                0x0000000010003ef8                DmaEntry::DmaEntry()
 .text._ZN8DmaEntry5ResetEv
                0x0000000010003f12       0x1c build/core_controller_rtthread/dma.o
                0x0000000010003f12                DmaEntry::Reset()
 *fill*         0x0000000010003f2e        0x2 
 .text._Z41__static_initialization_and_destruction_0ii
                0x0000000010003f30       0x40 build/core_controller_rtthread/dma.o
 .text._GLOBAL__sub_I__Z13SystemDmaInitv
                0x0000000010003f70       0x18 build/core_controller_rtthread/dma.o
 .text.gpio_pull_up
                0x0000000010003f88       0x1c build/core_controller_rtthread/main.o
 .text.gpio_set_mask
                0x0000000010003fa4       0x18 build/core_controller_rtthread/main.o
 .text.gpio_clr_mask
                0x0000000010003fbc       0x18 build/core_controller_rtthread/main.o
 .text.gpio_put
                0x0000000010003fd4       0x3a build/core_controller_rtthread/main.o
 .text.gpio_set_dir_out_masked
                0x000000001000400e       0x18 build/core_controller_rtthread/main.o
 .text.gpio_set_dir_in_masked
                0x0000000010004026       0x18 build/core_controller_rtthread/main.o
 .text.gpio_set_dir
                0x000000001000403e       0x3a build/core_controller_rtthread/main.o
 .text._ZN10Rp2040GpioC2Em
                0x0000000010004078       0x6c build/core_controller_rtthread/main.o
                0x0000000010004078                Rp2040Gpio::Rp2040Gpio(unsigned long)
                0x0000000010004078                Rp2040Gpio::Rp2040Gpio(unsigned long)
 .text._ZN10Rp2040Gpio3SetEh
                0x00000000100040e4       0x34 build/core_controller_rtthread/main.o
                0x00000000100040e4                Rp2040Gpio::Set(unsigned char)
 .text._ZN10Rp2040Gpio5ResetEh
                0x0000000010004118       0x34 build/core_controller_rtthread/main.o
                0x0000000010004118                Rp2040Gpio::Reset(unsigned char)
 .text._Z3bitImET_h
                0x000000001000414c       0x1e build/core_controller_rtthread/main.o
 *fill*         0x000000001000416a        0x2 
 .text.main     0x000000001000416c      0x244 build/core_controller_rtthread/main.o
                0x000000001000416c                main
 .text._ZN6SwitchI10Rp2040GpioEC2EPS0_hb
                0x00000000100043b0       0x3e build/core_controller_rtthread/main.o
                0x00000000100043b0                Switch<Rp2040Gpio>::Switch(Rp2040Gpio*, unsigned char, bool)
                0x00000000100043b0                Switch<Rp2040Gpio>::Switch(Rp2040Gpio*, unsigned char, bool)
 .text._ZN6SwitchI10Rp2040GpioE2OnEv
                0x00000000100043ee       0x24 build/core_controller_rtthread/main.o
                0x00000000100043ee                Switch<Rp2040Gpio>::On()
 .text._ZN6SwitchI8Mcp23017EC2EPS0_hb
                0x0000000010004412       0x3e build/core_controller_rtthread/main.o
                0x0000000010004412                Switch<Mcp23017>::Switch(Mcp23017*, unsigned char, bool)
                0x0000000010004412                Switch<Mcp23017>::Switch(Mcp23017*, unsigned char, bool)
 .text._ZN6SwitchI10Rp2040GpioE3OffEv
                0x0000000010004450       0x1e build/core_controller_rtthread/main.o
                0x0000000010004450                Switch<Rp2040Gpio>::Off()
 .text._ZN6SwitchI10Rp2040GpioE6ModifyEb
                0x000000001000446e       0x30 build/core_controller_rtthread/main.o
                0x000000001000446e                Switch<Rp2040Gpio>::Modify(bool)
 .text._ZN6SwitchI10Rp2040GpioE3SetEv
                0x000000001000449e       0x20 build/core_controller_rtthread/main.o
                0x000000001000449e                Switch<Rp2040Gpio>::Set()
 .text._ZN6SwitchI10Rp2040GpioE5ResetEv
                0x00000000100044be       0x20 build/core_controller_rtthread/main.o
                0x00000000100044be                Switch<Rp2040Gpio>::Reset()
 .text.gpio_pull_up
                0x00000000100044de       0x1c build/drivers/drv_gpio.o
 .text.gpio_pull_down
                0x00000000100044fa       0x1c build/drivers/drv_gpio.o
 .text.gpio_disable_pulls
                0x0000000010004516       0x1c build/drivers/drv_gpio.o
 .text.gpio_get
                0x0000000010004532       0x26 build/drivers/drv_gpio.o
 .text.gpio_set_mask
                0x0000000010004558       0x18 build/drivers/drv_gpio.o
 .text.gpio_clr_mask
                0x0000000010004570       0x18 build/drivers/drv_gpio.o
 .text.gpio_put
                0x0000000010004588       0x3a build/drivers/drv_gpio.o
 .text.gpio_set_dir_out_masked
                0x00000000100045c2       0x18 build/drivers/drv_gpio.o
 .text.gpio_set_dir_in_masked
                0x00000000100045da       0x18 build/drivers/drv_gpio.o
 .text.gpio_set_dir
                0x00000000100045f2       0x3a build/drivers/drv_gpio.o
 .text.pico_pin_mode
                0x000000001000462c       0x88 build/drivers/drv_gpio.o
 .text.pico_pin_write
                0x00000000100046b4       0x48 build/drivers/drv_gpio.o
 .text.pico_pin_read
                0x00000000100046fc       0x3c build/drivers/drv_gpio.o
 .text.rt_hw_gpio_init
                0x0000000010004738       0x20 build/drivers/drv_gpio.o
                0x0000000010004738                rt_hw_gpio_init
 .text.uart_get_index
                0x0000000010004758       0x24 build/drivers/drv_uart.o
 .text.uart_get_hw
                0x000000001000477c       0x1a build/drivers/drv_uart.o
 .text.uart_set_hw_flow
                0x0000000010004796       0x7c build/drivers/drv_uart.o
 .text.uart_set_format
                0x0000000010004812       0x80 build/drivers/drv_uart.o
 .text.uart_set_irq_enables
                0x0000000010004892       0xde build/drivers/drv_uart.o
 .text.uart_set_fifo_enabled
                0x0000000010004970       0x5c build/drivers/drv_uart.o
 .text.uart_is_writable
                0x00000000100049cc       0x26 build/drivers/drv_uart.o
 .text.uart_is_readable
                0x00000000100049f2       0x26 build/drivers/drv_uart.o
 .text.uart_write_blocking
                0x0000000010004a18       0x58 build/drivers/drv_uart.o
 .text.uart_putc_raw
                0x0000000010004a70       0x22 build/drivers/drv_uart.o
 *fill*         0x0000000010004a92        0x2 
 .text.pico_uart1_isr
                0x0000000010004a94       0x30 build/drivers/drv_uart.o
                0x0000000010004a94                pico_uart1_isr
 .text.pico_uart1_configure
                0x0000000010004ac4       0x14 build/drivers/drv_uart.o
 .text.pico_uart1_control
                0x0000000010004ad8       0x44 build/drivers/drv_uart.o
 .text.pico_uart1_putc
                0x0000000010004b1c       0x2c build/drivers/drv_uart.o
 .text.pico_uart1_getc
                0x0000000010004b48       0x38 build/drivers/drv_uart.o
 .text.rt_hw_uart1_init
                0x0000000010004b80       0xa0 build/drivers/drv_uart.o
                0x0000000010004b80                rt_hw_uart1_init
 .text.isr_systick
                0x0000000010004c20       0x16 build/board/board.o
                0x0000000010004c20                isr_systick
 .text.rti_start
                0x0000000010004c36        0xc build/kernel/src/components.o
 .text.rti_board_start
                0x0000000010004c42        0xc build/kernel/src/components.o
 .text.rti_board_end
                0x0000000010004c4e        0xc build/kernel/src/components.o
 .text.rti_end  0x0000000010004c5a        0xc build/kernel/src/components.o
 .text.rt_list_init
                0x0000000010004c66       0x1e build/kernel/src/thread.o
 .text.rt_list_remove
                0x0000000010004c84       0x32 build/kernel/src/thread.o
 .text._thread_exit
                0x0000000010004cb6       0x4c build/kernel/src/thread.o
 *fill*         0x0000000010004d02        0x2 
 .text._thread_timeout
                0x0000000010004d04       0x9c build/kernel/src/thread.o
 .text._thread_init
                0x0000000010004da0      0x104 build/kernel/src/thread.o
 .text.rt_thread_self
                0x0000000010004ea4       0x14 build/kernel/src/thread.o
                0x0000000010004ea4                rt_thread_self
 .text.rt_thread_startup
                0x0000000010004eb8       0xa0 build/kernel/src/thread.o
                0x0000000010004eb8                rt_thread_startup
 .text.rt_thread_detach
                0x0000000010004f58       0xc4 build/kernel/src/thread.o
                0x0000000010004f58                rt_thread_detach
 .text.rt_thread_create
                0x000000001000501c       0x70 build/kernel/src/thread.o
                0x000000001000501c                rt_thread_create
 .text.rt_thread_delete
                0x000000001000508c       0xc4 build/kernel/src/thread.o
                0x000000001000508c                rt_thread_delete
 .text.rt_thread_control
                0x0000000010005150      0x118 build/kernel/src/thread.o
                0x0000000010005150                rt_thread_control
 .text.rt_thread_suspend
                0x0000000010005268       0xe4 build/kernel/src/thread.o
                0x0000000010005268                rt_thread_suspend
 .text.rt_thread_resume
                0x000000001000534c       0xac build/kernel/src/thread.o
                0x000000001000534c                rt_thread_resume
 .text.rt_interrupt_enter
                0x00000000100053f8       0x44 build/kernel/src/irq.o
                0x00000000100053f8                rt_interrupt_enter
 .text.rt_interrupt_leave
                0x000000001000543c       0x44 build/kernel/src/irq.o
                0x000000001000543c                rt_interrupt_leave
 .text.rt_interrupt_get_nest
                0x0000000010005480       0x30 build/kernel/src/irq.o
                0x0000000010005480                rt_interrupt_get_nest
 .text.rt_list_init
                0x00000000100054b0       0x1e build/kernel/src/ipc.o
 .text.rt_list_insert_before
                0x00000000100054ce       0x2e build/kernel/src/ipc.o
 .text.rt_list_isempty
                0x00000000100054fc       0x1e build/kernel/src/ipc.o
 .text._ipc_object_init
                0x000000001000551a       0x1c build/kernel/src/ipc.o
 *fill*         0x0000000010005536        0x2 
 .text._ipc_list_suspend
                0x0000000010005538       0xb4 build/kernel/src/ipc.o
 .text._ipc_list_resume
                0x00000000100055ec       0x22 build/kernel/src/ipc.o
 *fill*         0x000000001000560e        0x2 
 .text.rt_sem_init
                0x0000000010005610       0xa0 build/kernel/src/ipc.o
                0x0000000010005610                rt_sem_init
 .text.rt_sem_take
                0x00000000100056b0      0x1b4 build/kernel/src/ipc.o
                0x00000000100056b0                rt_sem_take
 .text.rt_sem_release
                0x0000000010005864       0xcc build/kernel/src/ipc.o
                0x0000000010005864                rt_sem_release
 .text.rt_mutex_take
                0x0000000010005930      0x248 build/kernel/src/ipc.o
                0x0000000010005930                rt_mutex_take
 .text.rt_mutex_release
                0x0000000010005b78      0x1e0 build/kernel/src/ipc.o
                0x0000000010005b78                rt_mutex_release
 .text.rt_list_insert_after
                0x0000000010005d58       0x2e build/kernel/src/idle.o
 *fill*         0x0000000010005d86        0x2 
 .text.rt_thread_defunct_enqueue
                0x0000000010005d88       0x24 build/kernel/src/idle.o
                0x0000000010005d88                rt_thread_defunct_enqueue
 .text.rt_list_insert_before
                0x0000000010005dac       0x2e build/kernel/src/scheduler.o
 .text.rt_list_remove
                0x0000000010005dda       0x32 build/kernel/src/scheduler.o
 .text.rt_list_isempty
                0x0000000010005e0c       0x1e build/kernel/src/scheduler.o
 *fill*         0x0000000010005e2a        0x2 
 .text._scheduler_stack_check
                0x0000000010005e2c       0x9c build/kernel/src/scheduler.o
 .text._scheduler_get_highest_priority_thread
                0x0000000010005ec8       0x3c build/kernel/src/scheduler.o
 .text.rt_schedule
                0x0000000010005f04      0x1b0 build/kernel/src/scheduler.o
                0x0000000010005f04                rt_schedule
 .text.rt_schedule_insert_thread
                0x00000000100060b4       0xb4 build/kernel/src/scheduler.o
                0x00000000100060b4                rt_schedule_insert_thread
 .text.rt_schedule_remove_thread
                0x0000000010006168       0x78 build/kernel/src/scheduler.o
                0x0000000010006168                rt_schedule_remove_thread
 .text.rt_enter_critical
                0x00000000100061e0       0x34 build/kernel/src/scheduler.o
                0x00000000100061e0                rt_enter_critical
 .text.rt_exit_critical
                0x0000000010006214       0x60 build/kernel/src/scheduler.o
                0x0000000010006214                rt_exit_critical
 .text.rt_critical_level
                0x0000000010006274       0x18 build/kernel/src/scheduler.o
                0x0000000010006274                rt_critical_level
 .text.rt_list_init
                0x000000001000628c       0x1e build/kernel/src/timer.o
 .text.rt_list_insert_after
                0x00000000100062aa       0x2e build/kernel/src/timer.o
 .text.rt_list_remove
                0x00000000100062d8       0x32 build/kernel/src/timer.o
 .text.rt_list_isempty
                0x000000001000630a       0x1e build/kernel/src/timer.o
 .text._timer_init
                0x0000000010006328       0x6c build/kernel/src/timer.o
 .text._timer_remove
                0x0000000010006394       0x36 build/kernel/src/timer.o
 *fill*         0x00000000100063ca        0x2 
 .text.rt_timer_init
                0x00000000100063cc       0x8c build/kernel/src/timer.o
                0x00000000100063cc                rt_timer_init
 .text.rt_timer_detach
                0x0000000010006458       0xa0 build/kernel/src/timer.o
                0x0000000010006458                rt_timer_detach
 .text.rt_timer_start
                0x00000000100064f8      0x1fc build/kernel/src/timer.o
                0x00000000100064f8                rt_timer_start
 .text.rt_timer_stop
                0x00000000100066f4       0xa0 build/kernel/src/timer.o
                0x00000000100066f4                rt_timer_stop
 .text.rt_timer_control
                0x0000000010006794       0xfc build/kernel/src/timer.o
                0x0000000010006794                rt_timer_control
 .text.rt_timer_check
                0x0000000010006890      0x118 build/kernel/src/timer.o
                0x0000000010006890                rt_timer_check
 .text.rt_device_register
                0x00000000100069a8       0x56 build/kernel/src/device.o
                0x00000000100069a8                rt_device_register
 .text.rt_device_find
                0x00000000100069fe       0x1c build/kernel/src/device.o
                0x00000000100069fe                rt_device_find
 *fill*         0x0000000010006a1a        0x2 
 .text.rt_device_open
                0x0000000010006a1c      0x128 build/kernel/src/device.o
                0x0000000010006a1c                rt_device_open
 .text.rt_device_close
                0x0000000010006b44       0xa4 build/kernel/src/device.o
                0x0000000010006b44                rt_device_close
 .text.rt_device_read
                0x0000000010006be8       0x90 build/kernel/src/device.o
                0x0000000010006be8                rt_device_read
 .text.rt_device_write
                0x0000000010006c78       0x90 build/kernel/src/device.o
                0x0000000010006c78                rt_device_write
 .text.rt_device_set_rx_indicate
                0x0000000010006d08       0x58 build/kernel/src/device.o
                0x0000000010006d08                rt_device_set_rx_indicate
 .text.plug_holes
                0x0000000010006d60       0xf8 build/kernel/src/mem.o
 .text.rt_smem_alloc
                0x0000000010006e58      0x278 build/kernel/src/mem.o
                0x0000000010006e58                rt_smem_alloc
 .text.rt_smem_realloc
                0x00000000100070d0      0x1f0 build/kernel/src/mem.o
                0x00000000100070d0                rt_smem_realloc
 .text.rt_smem_free
                0x00000000100072c0      0x154 build/kernel/src/mem.o
                0x00000000100072c0                rt_smem_free
 .text.rt_set_errno
                0x0000000010007414       0x40 build/kernel/src/kservice.o
                0x0000000010007414                rt_set_errno
 .text.rt_memset
                0x0000000010007454       0xb2 build/kernel/src/kservice.o
                0x0000000010007454                rt_memset
 .text.rt_memcpy
                0x0000000010007506       0xcc build/kernel/src/kservice.o
                0x0000000010007506                rt_memcpy
 .text.rt_memmove
                0x00000000100075d2       0x7e build/kernel/src/kservice.o
                0x00000000100075d2                rt_memmove
 .text.rt_strncpy
                0x0000000010007650       0x60 build/kernel/src/kservice.o
                0x0000000010007650                rt_strncpy
 .text.rt_strncmp
                0x00000000100076b0       0x5e build/kernel/src/kservice.o
                0x00000000100076b0                rt_strncmp
 *fill*         0x000000001000770e        0x2 
 .text.rt_show_version
                0x0000000010007710       0x50 build/kernel/src/kservice.o
                0x0000000010007710                rt_show_version
 .text.divide   0x0000000010007760       0x56 build/kernel/src/kservice.o
 .text.skip_atoi
                0x00000000100077b6       0x42 build/kernel/src/kservice.o
 .text.print_number
                0x00000000100077f8      0x1f8 build/kernel/src/kservice.o
 .text.rt_vsnprintf
                0x00000000100079f0      0x490 build/kernel/src/kservice.o
                0x00000000100079f0                rt_vsnprintf
 .text.rt_console_get_device
                0x0000000010007e80       0x14 build/kernel/src/kservice.o
                0x0000000010007e80                rt_console_get_device
 .text.rt_hw_console_output
                0x0000000010007e94       0x10 build/kernel/src/kservice.o
                0x0000000010007e94                rt_hw_console_output
 .text.rt_kprintf
                0x0000000010007ea4       0x60 build/kernel/src/kservice.o
                0x0000000010007ea4                rt_kprintf
 .text._heap_lock
                0x0000000010007f04       0x2c build/kernel/src/kservice.o
 .text._heap_unlock
                0x0000000010007f30       0x44 build/kernel/src/kservice.o
 .text._smem_info
                0x0000000010007f74       0x48 build/kernel/src/kservice.o
 .text.rt_malloc
                0x0000000010007fbc       0x50 build/kernel/src/kservice.o
                0x0000000010007fbc                rt_malloc
 .text.rt_realloc
                0x000000001000800c       0x3c build/kernel/src/kservice.o
                0x000000001000800c                rt_realloc
 .text.rt_calloc
                0x0000000010008048       0x3a build/kernel/src/kservice.o
                0x0000000010008048                rt_calloc
 *fill*         0x0000000010008082        0x2 
 .text.rt_free  0x0000000010008084       0x40 build/kernel/src/kservice.o
                0x0000000010008084                rt_free
 .text.rt_memory_info
                0x00000000100080c4       0x30 build/kernel/src/kservice.o
                0x00000000100080c4                rt_memory_info
 .text.__rt_ffs
                0x00000000100080f4       0x74 build/kernel/src/kservice.o
                0x00000000100080f4                __rt_ffs
 .text.rt_assert_handler
                0x0000000010008168       0x54 build/kernel/src/kservice.o
                0x0000000010008168                rt_assert_handler
 .text.rt_list_insert_after
                0x00000000100081bc       0x2e build/kernel/src/object.o
 .text.rt_list_remove
                0x00000000100081ea       0x32 build/kernel/src/object.o
 .text.rt_object_get_information
                0x000000001000821c       0x48 build/kernel/src/object.o
                0x000000001000821c                rt_object_get_information
 .text.rt_object_init
                0x0000000010008264       0xe4 build/kernel/src/object.o
                0x0000000010008264                rt_object_init
 .text.rt_object_detach
                0x0000000010008348       0x64 build/kernel/src/object.o
                0x0000000010008348                rt_object_detach
 .text.rt_object_allocate
                0x00000000100083ac       0xf8 build/kernel/src/object.o
                0x00000000100083ac                rt_object_allocate
 .text.rt_object_delete
                0x00000000100084a4       0x88 build/kernel/src/object.o
                0x00000000100084a4                rt_object_delete
 .text.rt_object_is_systemobject
                0x000000001000852c       0x3c build/kernel/src/object.o
                0x000000001000852c                rt_object_is_systemobject
 .text.rt_object_get_type
                0x0000000010008568       0x38 build/kernel/src/object.o
                0x0000000010008568                rt_object_get_type
 .text.rt_object_find
                0x00000000100085a0       0xc0 build/kernel/src/object.o
                0x00000000100085a0                rt_object_find
 .text.rt_tick_get
                0x0000000010008660       0x14 build/kernel/src/clock.o
                0x0000000010008660                rt_tick_get
 .text.rt_tick_increase
                0x0000000010008674       0x84 build/kernel/src/clock.o
                0x0000000010008674                rt_tick_increase
 .text          0x00000000100086f8       0xec build/kernel/libcpu/arm/cortex-m0/context_gcc.o
                0x00000000100086f8                rt_hw_interrupt_disable
                0x0000000010008700                rt_hw_interrupt_enable
                0x0000000010008706                rt_hw_context_switch_interrupt
                0x0000000010008706                rt_hw_context_switch
                0x0000000010008722                PendSV_Handler
                0x0000000010008776                rt_hw_context_switch_to
                0x00000000100087ae                rt_hw_interrupt_thread_switch
                0x00000000100087b2                HardFault_Handler
                0x00000000100087be                rt_hw_interrupt_check
 .text.rt_hw_stack_init
                0x00000000100087e4       0x84 build/kernel/libcpu/arm/cortex-m0/cpuport.o
                0x00000000100087e4                rt_hw_stack_init
 .text.rt_hw_hard_fault_exception
                0x0000000010008868       0xb8 build/kernel/libcpu/arm/cortex-m0/cpuport.o
                0x0000000010008868                rt_hw_hard_fault_exception
 .text._serial_poll_rx
                0x0000000010008920       0x84 build/kernel/components/drivers/serial/serial.o
 .text._serial_poll_tx
                0x00000000100089a4       0x80 build/kernel/components/drivers/serial/serial.o
 .text._serial_int_rx
                0x0000000010008a24       0xe8 build/kernel/components/drivers/serial/serial.o
 .text._serial_int_tx
                0x0000000010008b0c       0xd0 build/kernel/components/drivers/serial/serial.o
 .text._serial_check_buffer_size
                0x0000000010008bdc       0x40 build/kernel/components/drivers/serial/serial.o
 .text._serial_fifo_calc_recved_len
                0x0000000010008c1c       0x8c build/kernel/components/drivers/serial/serial.o
 .text.rt_dma_calc_recved_len
                0x0000000010008ca8       0x1a build/kernel/components/drivers/serial/serial.o
 *fill*         0x0000000010008cc2        0x2 
 .text.rt_dma_recv_update_get_index
                0x0000000010008cc4       0xac build/kernel/components/drivers/serial/serial.o
 .text.rt_dma_recv_update_put_index
                0x0000000010008d70       0xfc build/kernel/components/drivers/serial/serial.o
 .text._serial_dma_rx
                0x0000000010008e6c      0x1b4 build/kernel/components/drivers/serial/serial.o
 .text._serial_dma_tx
                0x0000000010009020       0x7a build/kernel/components/drivers/serial/serial.o
 *fill*         0x000000001000909a        0x2 
 .text.rt_serial_init
                0x000000001000909c       0x64 build/kernel/components/drivers/serial/serial.o
 .text.rt_serial_open
                0x0000000010009100      0x3cc build/kernel/components/drivers/serial/serial.o
 .text.rt_serial_close
                0x00000000100094cc      0x214 build/kernel/components/drivers/serial/serial.o
 .text.rt_serial_read
                0x00000000100096e0       0x8c build/kernel/components/drivers/serial/serial.o
 .text.rt_serial_write
                0x000000001000976c       0x8c build/kernel/components/drivers/serial/serial.o
 .text.rt_serial_control
                0x00000000100097f8       0xdc build/kernel/components/drivers/serial/serial.o
 .text.rt_hw_serial_register
                0x00000000100098d4       0xa0 build/kernel/components/drivers/serial/serial.o
                0x00000000100098d4                rt_hw_serial_register
 .text.rt_hw_serial_isr
                0x0000000010009974      0x27c build/kernel/components/drivers/serial/serial.o
                0x0000000010009974                rt_hw_serial_isr
 .text.rt_list_init
                0x0000000010009bf0       0x1e build/kernel/components/drivers/ipc/completion.o
 .text.rt_list_insert_before
                0x0000000010009c0e       0x2e build/kernel/components/drivers/ipc/completion.o
 .text.rt_list_isempty
                0x0000000010009c3c       0x1e build/kernel/components/drivers/ipc/completion.o
 *fill*         0x0000000010009c5a        0x2 
 .text.rt_completion_init
                0x0000000010009c5c       0x4c build/kernel/components/drivers/ipc/completion.o
                0x0000000010009c5c                rt_completion_init
 .text.rt_completion_wait
                0x0000000010009ca8      0x180 build/kernel/components/drivers/ipc/completion.o
                0x0000000010009ca8                rt_completion_wait
 .text.rt_completion_done
                0x0000000010009e28       0x78 build/kernel/components/drivers/ipc/completion.o
                0x0000000010009e28                rt_completion_done
 .text.rt_list_init
                0x0000000010009ea0       0x1e build/kernel/components/drivers/ipc/dataqueue.o
 .text.rt_list_insert_before
                0x0000000010009ebe       0x2e build/kernel/components/drivers/ipc/dataqueue.o
 .text.rt_list_isempty
                0x0000000010009eec       0x1e build/kernel/components/drivers/ipc/dataqueue.o
 *fill*         0x0000000010009f0a        0x2 
 .text.rt_data_queue_init
                0x0000000010009f0c       0xe0 build/kernel/components/drivers/ipc/dataqueue.o
                0x0000000010009f0c                rt_data_queue_init
 .text.rt_data_queue_push
                0x0000000010009fec      0x280 build/kernel/components/drivers/ipc/dataqueue.o
                0x0000000010009fec                rt_data_queue_push
 .text.rt_data_queue_pop
                0x000000001000a26c      0x2e0 build/kernel/components/drivers/ipc/dataqueue.o
                0x000000001000a26c                rt_data_queue_pop
 .text.rt_data_queue_peek
                0x000000001000a54c       0xa8 build/kernel/components/drivers/ipc/dataqueue.o
                0x000000001000a54c                rt_data_queue_peek
 .text.rt_data_queue_reset
                0x000000001000a5f4      0x104 build/kernel/components/drivers/ipc/dataqueue.o
                0x000000001000a5f4                rt_data_queue_reset
 .text.rt_data_queue_deinit
                0x000000001000a6f8       0x78 build/kernel/components/drivers/ipc/dataqueue.o
                0x000000001000a6f8                rt_data_queue_deinit
 .text.rt_data_queue_len
                0x000000001000a770       0xd8 build/kernel/components/drivers/ipc/dataqueue.o
                0x000000001000a770                rt_data_queue_len
 .text._pin_read
                0x000000001000a848       0x64 build/kernel/components/drivers/misc/pin.o
 .text._pin_write
                0x000000001000a8ac       0x60 build/kernel/components/drivers/misc/pin.o
 .text._pin_control
                0x000000001000a90c       0x58 build/kernel/components/drivers/misc/pin.o
 .text.rt_device_pin_register
                0x000000001000a964       0x74 build/kernel/components/drivers/misc/pin.o
                0x000000001000a964                rt_device_pin_register
 .text.finsh_get_prompt
                0x000000001000a9d8       0x80 build/kernel/components/finsh/shell.o
                0x000000001000a9d8                finsh_get_prompt
 .text.finsh_set_prompt_mode
                0x000000001000aa58       0x54 build/kernel/components/finsh/shell.o
                0x000000001000aa58                finsh_set_prompt_mode
 .text.finsh_getchar
                0x000000001000aaac       0xa0 build/kernel/components/finsh/shell.o
                0x000000001000aaac                finsh_getchar
 .text.finsh_rx_ind
                0x000000001000ab4c       0x40 build/kernel/components/finsh/shell.o
 .text.finsh_set_device
                0x000000001000ab8c       0xfc build/kernel/components/finsh/shell.o
                0x000000001000ab8c                finsh_set_device
 .text.shell_auto_complete
                0x000000001000ac88       0x38 build/kernel/components/finsh/shell.o
 .text.shell_handle_history
                0x000000001000acc0       0x38 build/kernel/components/finsh/shell.o
 .text.shell_push_history
                0x000000001000acf8      0x166 build/kernel/components/finsh/shell.o
 *fill*         0x000000001000ae5e        0x2 
 .text.finsh_thread_entry
                0x000000001000ae60      0x648 build/kernel/components/finsh/shell.o
                0x000000001000ae60                finsh_thread_entry
 .text.finsh_system_function_init
                0x000000001000b4a8       0x28 build/kernel/components/finsh/shell.o
                0x000000001000b4a8                finsh_system_function_init
 .text.finsh_system_init
                0x000000001000b4d0       0xa8 build/kernel/components/finsh/shell.o
                0x000000001000b4d0                finsh_system_init
 .text.msh_help
                0x000000001000b578       0x60 build/kernel/components/finsh/msh.o
                0x000000001000b578                msh_help
 .text.cmd_ps   0x000000001000b5d8       0x18 build/kernel/components/finsh/msh.o
                0x000000001000b5d8                cmd_ps
 .text.cmd_free
                0x000000001000b5f0       0x64 build/kernel/components/finsh/msh.o
                0x000000001000b5f0                cmd_free
 .text.msh_split
                0x000000001000b654      0x178 build/kernel/components/finsh/msh.o
 .text.msh_get_cmd
                0x000000001000b7cc       0x60 build/kernel/components/finsh/msh.o
 .text._msh_exec_cmd
                0x000000001000b82c       0xdc build/kernel/components/finsh/msh.o
 .text.msh_exec
                0x000000001000b908       0x8c build/kernel/components/finsh/msh.o
                0x000000001000b908                msh_exec
 .text.str_common
                0x000000001000b994       0x46 build/kernel/components/finsh/msh.o
 *fill*         0x000000001000b9da        0x2 
 .text.msh_auto_complete
                0x000000001000b9dc       0xbc build/kernel/components/finsh/msh.o
                0x000000001000b9dc                msh_auto_complete
 .text.rt_list_isempty
                0x000000001000ba98       0x1e build/kernel/components/finsh/cmd.o
 .text.rt_list_len
                0x000000001000bab6       0x32 build/kernel/components/finsh/cmd.o
 .text.clear    0x000000001000bae8       0x18 build/kernel/components/finsh/cmd.o
 .text.version  0x000000001000bb00       0x10 build/kernel/components/finsh/cmd.o
                0x000000001000bb00                version
 .text.object_split
                0x000000001000bb10       0x2c build/kernel/components/finsh/cmd.o
 .text.list_find_init
                0x000000001000bb3c       0x50 build/kernel/components/finsh/cmd.o
 .text.list_get_next
                0x000000001000bb8c       0xca build/kernel/components/finsh/cmd.o
 *fill*         0x000000001000bc56        0x2 
 .text.list_thread
                0x000000001000bc58      0x260 build/kernel/components/finsh/cmd.o
                0x000000001000bc58                list_thread
 .text.show_wait_queue
                0x000000001000beb8       0x54 build/kernel/components/finsh/cmd.o
 .text.list_sem
                0x000000001000bf0c      0x138 build/kernel/components/finsh/cmd.o
                0x000000001000bf0c                list_sem
 .text.list_event
                0x000000001000c044      0x128 build/kernel/components/finsh/cmd.o
                0x000000001000c044                list_event
 .text.list_mutex
                0x000000001000c16c       0xf8 build/kernel/components/finsh/cmd.o
                0x000000001000c16c                list_mutex
 .text.list_mailbox
                0x000000001000c264      0x148 build/kernel/components/finsh/cmd.o
                0x000000001000c264                list_mailbox
 .text.list_msgqueue
                0x000000001000c3ac      0x138 build/kernel/components/finsh/cmd.o
                0x000000001000c3ac                list_msgqueue
 .text.list_mempool
                0x000000001000c4e4      0x15c build/kernel/components/finsh/cmd.o
                0x000000001000c4e4                list_mempool
 .text.list_timer
                0x000000001000c640      0x140 build/kernel/components/finsh/cmd.o
                0x000000001000c640                list_timer
 .text.list_device
                0x000000001000c780      0x110 build/kernel/components/finsh/cmd.o
                0x000000001000c780                list_device
 .text.__rt_libc_exit
                0x000000001000c890       0x54 build/kernel/components/libc/compilers/common/stdlib.o
                0x000000001000c890                __rt_libc_exit
 .text._malloc_r
                0x000000001000c8e4       0x2c build/kernel/components/libc/compilers/newlib/syscalls.o
                0x000000001000c8e4                _malloc_r
 .text._realloc_r
                0x000000001000c910       0x32 build/kernel/components/libc/compilers/newlib/syscalls.o
                0x000000001000c910                _realloc_r
 .text._calloc_r
                0x000000001000c942       0x32 build/kernel/components/libc/compilers/newlib/syscalls.o
                0x000000001000c942                _calloc_r
 .text._free_r  0x000000001000c974       0x1a build/kernel/components/libc/compilers/newlib/syscalls.o
                0x000000001000c974                _free_r
 *fill*         0x000000001000c98e        0x2 
 .text._close_r
                0x000000001000c990       0x4c build/kernel/components/libc/compilers/newlib/syscalls.o
                0x000000001000c990                _close_r
 .text._fstat_r
                0x000000001000c9dc       0x1e build/kernel/components/libc/compilers/newlib/syscalls.o
                0x000000001000c9dc                _fstat_r
 .text._isatty_r
                0x000000001000c9fa       0x24 build/kernel/components/libc/compilers/newlib/syscalls.o
                0x000000001000c9fa                _isatty_r
 *fill*         0x000000001000ca1e        0x2 
 .text._lseek_r
                0x000000001000ca20       0x50 build/kernel/components/libc/compilers/newlib/syscalls.o
                0x000000001000ca20                _lseek_r
 .text._read_r  0x000000001000ca70       0x50 build/kernel/components/libc/compilers/newlib/syscalls.o
                0x000000001000ca70                _read_r
 .text._write_r
                0x000000001000cac0       0x90 build/kernel/components/libc/compilers/newlib/syscalls.o
                0x000000001000cac0                _write_r
 .text._exit    0x000000001000cb50       0x12 build/kernel/components/libc/compilers/newlib/syscalls.o
                0x000000001000cb50                _exit
 *fill*         0x000000001000cb62        0x2 
 .text          0x000000001000cb64       0x10 /usr/lib/gcc/arm-none-eabi/9.2.1/../../../arm-none-eabi/lib/thumb/v6-m/nofp/libc.a(lib_a-atexit.o)
                0x000000001000cb64                atexit
 .text          0x000000001000cb74       0x20 /usr/lib/gcc/arm-none-eabi/9.2.1/../../../arm-none-eabi/lib/thumb/v6-m/nofp/libc.a(lib_a-exit.o)
                0x000000001000cb74                exit
 .text          0x000000001000cb94       0x28 /usr/lib/gcc/arm-none-eabi/9.2.1/../../../arm-none-eabi/lib/thumb/v6-m/nofp/libc.a(lib_a-fini.o)
                0x000000001000cb94                __libc_fini_array
 .text          0x000000001000cbbc       0x68 /usr/lib/gcc/arm-none-eabi/9.2.1/../../../arm-none-eabi/lib/thumb/v6-m/nofp/libc.a(lib_a-strlen-stub.o)
                0x000000001000cbbc                strlen
 .text          0x000000001000cc24       0x94 /usr/lib/gcc/arm-none-eabi/9.2.1/../../../arm-none-eabi/lib/thumb/v6-m/nofp/libc.a(lib_a-strncmp.o)
                0x000000001000cc24                strncmp
 .text          0x000000001000ccb8       0x80 /usr/lib/gcc/arm-none-eabi/9.2.1/../../../arm-none-eabi/lib/thumb/v6-m/nofp/libc.a(lib_a-strncpy.o)
                0x000000001000ccb8                strncpy
 .text          0x000000001000cd38       0x28 /usr/lib/gcc/arm-none-eabi/9.2.1/../../../arm-none-eabi/lib/thumb/v6-m/nofp/libc.a(lib_a-vprintf.o)
                0x000000001000cd38                vprintf
                0x000000001000cd50                _vprintf_r
 .text          0x000000001000cd60       0x88 /usr/lib/gcc/arm-none-eabi/9.2.1/../../../arm-none-eabi/lib/thumb/v6-m/nofp/libc.a(lib_a-__atexit.o)
                0x000000001000cd60                __register_exitproc
 .text          0x000000001000cde8       0xbc /usr/lib/gcc/arm-none-eabi/9.2.1/../../../arm-none-eabi/lib/thumb/v6-m/nofp/libc.a(lib_a-__call_atexit.o)
                0x000000001000cde8                __call_exitprocs
 .text.startup  0x000000001000cea4       0x18 /usr/lib/gcc/arm-none-eabi/9.2.1/../../../arm-none-eabi/lib/thumb/v6-m/nofp/libc.a(lib_a-__call_atexit.o)
 .text          0x000000001000cebc     0x16e0 /usr/lib/gcc/arm-none-eabi/9.2.1/../../../arm-none-eabi/lib/thumb/v6-m/nofp/libc.a(lib_a-vfprintf.o)
                0x000000001000cebc                _vfprintf_r
                0x000000001000e510                vfprintf
 .text          0x000000001000e59c       0xdc /usr/lib/gcc/arm-none-eabi/9.2.1/../../../arm-none-eabi/lib/thumb/v6-m/nofp/libc.a(lib_a-wsetup.o)
                0x000000001000e59c                __swsetup_r
 .text          0x000000001000e678     0x1128 /usr/lib/gcc/arm-none-eabi/9.2.1/../../../arm-none-eabi/lib/thumb/v6-m/nofp/libc.a(lib_a-dtoa.o)
                0x000000001000e7cc                _dtoa_r
 .text          0x000000001000f7a0      0x1b4 /usr/lib/gcc/arm-none-eabi/9.2.1/../../../arm-none-eabi/lib/thumb/v6-m/nofp/libc.a(lib_a-fflush.o)
                0x000000001000f7a0                __sflush_r
                0x000000001000f900                _fflush_r
                0x000000001000f92c                fflush
 .text          0x000000001000f954      0x220 /usr/lib/gcc/arm-none-eabi/9.2.1/../../../arm-none-eabi/lib/thumb/v6-m/nofp/libc.a(lib_a-findfp.o)
                0x000000001000f958                _cleanup_r
                0x000000001000fa54                __sfmoreglue
                0x000000001000fa84                __sfp
                0x000000001000fb0c                _cleanup
                0x000000001000fb24                __sinit
                0x000000001000fb34                __sfp_lock_acquire
                0x000000001000fb38                __sfp_lock_release
                0x000000001000fb3c                __sinit_lock_acquire
                0x000000001000fb40                __sinit_lock_release
                0x000000001000fb44                __fp_lock_all
                0x000000001000fb5c                __fp_unlock_all
 .text          0x000000001000fb74       0x90 /usr/lib/gcc/arm-none-eabi/9.2.1/../../../arm-none-eabi/lib/thumb/v6-m/nofp/libc.a(lib_a-fwalk.o)
                0x000000001000fb74                _fwalk
                0x000000001000fbb8                _fwalk_reent
 .text          0x000000001000fc04       0x14 /usr/lib/gcc/arm-none-eabi/9.2.1/../../../arm-none-eabi/lib/thumb/v6-m/nofp/libc.a(lib_a-localeconv.o)
                0x000000001000fc04                __localeconv_l
                0x000000001000fc08                _localeconv_r
                0x000000001000fc10                localeconv
 .text          0x000000001000fc18       0xf0 /usr/lib/gcc/arm-none-eabi/9.2.1/../../../arm-none-eabi/lib/thumb/v6-m/nofp/libc.a(lib_a-makebuf.o)
                0x000000001000fc18                __swhatbuf_r
                0x000000001000fc78                __smakebuf_r
 .text          0x000000001000fd08      0xa38 /usr/lib/gcc/arm-none-eabi/9.2.1/../../../arm-none-eabi/lib/thumb/v6-m/nofp/libc.a(lib_a-mprec.o)
                0x000000001000fd08                _Balloc
                0x000000001000fd58                _Bfree
                0x000000001000fd6c                __multadd
                0x000000001000fe1c                __s2b
                0x000000001000fec8                __hi0bits
                0x000000001000ff00                __lo0bits
                0x000000001000ff5c                __i2b
                0x000000001000ff88                __multiply
                0x0000000010010114                __pow5mult
                0x00000000100101c8                __lshift
                0x00000000100102ac                __mcmp
                0x00000000100102e0                __mdiff
                0x0000000010010428                __ulp
                0x0000000010010470                __b2d
                0x0000000010010528                __d2b
                0x0000000010010600                __ratio
                0x0000000010010674                _mprec_log10
                0x00000000100106a8                __copybits
                0x00000000100106e8                __any_on
 .text          0x0000000010010740       0xa4 /usr/lib/gcc/arm-none-eabi/9.2.1/../../../arm-none-eabi/lib/thumb/v6-m/nofp/libc.a(lib_a-stdio.o)
                0x0000000010010740                __sread
                0x0000000010010768                __seofread
                0x000000001001076c                __swrite
                0x00000000100107ac                __sseek
                0x00000000100107d8                __sclose
 .text          0x00000000100107e4      0xd40 /usr/lib/gcc/arm-none-eabi/9.2.1/../../../arm-none-eabi/lib/thumb/v6-m/nofp/libc.a(lib_a-vfiprintf.o)
                0x000000001001086c                __sprint_r
                0x0000000010010880                _vfiprintf_r
                0x0000000010011498                vfiprintf
 .text          0x0000000010011524       0xac /usr/lib/gcc/arm-none-eabi/9.2.1/../../../arm-none-eabi/lib/thumb/v6-m/nofp/libc.a(lib_a-fclose.o)
                0x0000000010011524                _fclose_r
                0x00000000100115bc                fclose
 .text          0x00000000100115d0       0xfc /usr/lib/gcc/arm-none-eabi/9.2.1/../../../arm-none-eabi/lib/thumb/v6-m/nofp/libc.a(lib_a-fputwc.o)
                0x00000000100115d0                __fputwc
                0x0000000010011668                _fputwc_r
                0x0000000010011688                fputwc
 .text          0x00000000100116cc      0x320 /usr/lib/gcc/arm-none-eabi/9.2.1/../../../arm-none-eabi/lib/thumb/v6-m/nofp/libc.a(lib_a-fvwrite.o)
                0x00000000100116cc                __sfvwrite_r
 .text          0x00000000100119ec       0x6c /usr/lib/gcc/arm-none-eabi/9.2.1/../../../arm-none-eabi/lib/thumb/v6-m/nofp/libc.a(lib_a-locale.o)
                0x00000000100119ec                _setlocale_r
                0x0000000010011a30                __locale_mb_cur_max
                0x0000000010011a40                setlocale
 .text          0x0000000010011a58       0x44 /usr/lib/gcc/arm-none-eabi/9.2.1/../../../arm-none-eabi/lib/thumb/v6-m/nofp/libc.a(lib_a-mbtowc_r.o)
                0x0000000010011a58                _mbtowc_r
                0x0000000010011a70                __ascii_mbtowc
 .text          0x0000000010011a9c       0x88 /usr/lib/gcc/arm-none-eabi/9.2.1/../../../arm-none-eabi/lib/thumb/v6-m/nofp/libc.a(lib_a-strcmp.o)
                0x0000000010011a9c                strcmp
 .text          0x0000000010011b24       0xe0 /usr/lib/gcc/arm-none-eabi/9.2.1/../../../arm-none-eabi/lib/thumb/v6-m/nofp/libc.a(lib_a-wbuf.o)
                0x0000000010011b24                __swbuf_r
                0x0000000010011bec                __swbuf
 .text          0x0000000010011c04       0x80 /usr/lib/gcc/arm-none-eabi/9.2.1/../../../arm-none-eabi/lib/thumb/v6-m/nofp/libc.a(lib_a-wcrtomb.o)
                0x0000000010011c04                _wcrtomb_r
                0x0000000010011c40                wcrtomb
 .text          0x0000000010011c84       0x2c /usr/lib/gcc/arm-none-eabi/9.2.1/../../../arm-none-eabi/lib/thumb/v6-m/nofp/libc.a(lib_a-wctomb_r.o)
                0x0000000010011c84                _wctomb_r
                0x0000000010011c94                __ascii_wctomb
 *(.fini)
 .fini          0x0000000010011cb0        0x4 /usr/lib/gcc/arm-none-eabi/9.2.1/thumb/v6-m/nofp/crti.o
                0x0000000010011cb0                _fini
 *fill*         0x0000000010011cb4        0x4 
 .fini.__stub   0x0000000010011cb8       0x80 linker stubs
                0x0000000010011d38                . = ALIGN (0x4)
                0x0000000010011d38                __fsymtab_start = .
 *(FSymTab)
 FSymTab        0x0000000010011d38       0x24 build/kernel/components/finsh/msh.o
                0x0000000010011d38                __fsym_help
                0x0000000010011d44                __fsym_ps
                0x0000000010011d50                __fsym_free
 FSymTab        0x0000000010011d5c       0x84 build/kernel/components/finsh/cmd.o
                0x0000000010011d5c                __fsym_clear
                0x0000000010011d68                __fsym_version
                0x0000000010011d74                __fsym_list_thread
                0x0000000010011d80                __fsym_list_sem
                0x0000000010011d8c                __fsym_list_event
                0x0000000010011d98                __fsym_list_mutex
                0x0000000010011da4                __fsym_list_mailbox
                0x0000000010011db0                __fsym_list_msgqueue
                0x0000000010011dbc                __fsym_list_mempool
                0x0000000010011dc8                __fsym_list_timer
                0x0000000010011dd4                __fsym_list_device
                0x0000000010011de0                __fsymtab_end = .
                0x0000000010011de0                . = ALIGN (0x4)
                0x0000000010011de0                __vsymtab_start = .
 *(VSymTab)
                0x0000000010011de0                __vsymtab_end = .
                0x0000000010011de0                . = ALIGN (0x4)
                0x0000000010011de0                __rt_init_start = .
 *(SORT_BY_NAME(.rti_fn*))
 .rti_fn.0      0x0000000010011de0        0x4 build/kernel/src/components.o
                0x0000000010011de0                __rt_init_rti_start
 .rti_fn.0.end  0x0000000010011de4        0x4 build/kernel/src/components.o
                0x0000000010011de4                __rt_init_rti_board_start
 .rti_fn.1.end  0x0000000010011de8        0x4 build/kernel/src/components.o
                0x0000000010011de8                __rt_init_rti_board_end
 .rti_fn.3      0x0000000010011dec        0x4 build/drivers/drv_gpio.o
                0x0000000010011dec                __rt_init_rt_hw_gpio_init
 .rti_fn.3      0x0000000010011df0        0x4 build/drivers/drv_uart.o
                0x0000000010011df0                __rt_init_rt_hw_uart1_init
 .rti_fn.6      0x0000000010011df4        0x4 build/kernel/components/finsh/shell.o
                0x0000000010011df4                __rt_init_finsh_system_init
 .rti_fn.6.end  0x0000000010011df8        0x4 build/kernel/src/components.o
                0x0000000010011df8                __rt_init_rti_end
                0x0000000010011dfc                __rt_init_end = .
 *crtbegin.o(.ctors)
 *crtbegin?.o(.ctors)
 *(EXCLUDE_FILE(*crtend.o *crtend?.o) .ctors)
 *(SORT_BY_NAME(.ctors.*))
 *(.ctors)
 *crtbegin.o(.dtors)
 *crtbegin?.o(.dtors)
 *(EXCLUDE_FILE(*crtend.o *crtend?.o) .dtors)
 *(SORT_BY_NAME(.dtors.*))
 *(.dtors)
 *(.eh_frame*)
 .eh_frame      0x0000000010011dfc        0x0 /usr/lib/gcc/arm-none-eabi/9.2.1/thumb/v6-m/nofp/crtbegin.o
                0x0000000010011dfc                . = ALIGN (0x4)

.glue_7         0x0000000010011dfc        0x0
 .glue_7        0x0000000010011dfc        0x0 linker stubs

.glue_7t        0x0000000010011dfc        0x0
 .glue_7t       0x0000000010011dfc        0x0 linker stubs

.vfp11_veneer   0x0000000010011dfc        0x0
 .vfp11_veneer  0x0000000010011dfc        0x0 linker stubs

.v4_bx          0x0000000010011dfc        0x0
 .v4_bx         0x0000000010011dfc        0x0 linker stubs

.iplt           0x0000000010011dfc        0x0
 .iplt          0x0000000010011dfc        0x0 /usr/lib/gcc/arm-none-eabi/9.2.1/thumb/v6-m/nofp/crtbegin.o

.rodata         0x0000000010011e00     0x3984
 *(EXCLUDE_FILE(*libm.a: *libc.a:*lib_a-mem*.o *libgcc.a:) .rodata*)
 .rodata        0x0000000010011e00       0x55 build/libraries/pico-sdk/src/rp2_common/hardware_i2c/i2c.o
 *fill*         0x0000000010011e55        0x3 
 .rodata.__func__.4792
                0x0000000010011e58       0x11 build/libraries/pico-sdk/src/rp2_common/hardware_i2c/i2c.o
 *fill*         0x0000000010011e69        0x3 
 .rodata.crlf_str.5541
                0x0000000010011e6c        0x2 build/libraries/pico-sdk/src/rp2_common/pico_stdio/stdio.o
 *fill*         0x0000000010011e6e        0x2 
 .rodata        0x0000000010011e70       0xa0 build/libraries/pico-sdk/src/rp2_common/pico_double/double_init_rom.o
 .rodata.__func__.4615
                0x0000000010011f10       0x14 build/libraries/pico-sdk/src/rp2_common/pico_double/double_init_rom.o
 .rodata        0x0000000010011f24      0x1f2 build/libraries/pico-sdk/src/rp2_common/hardware_irq/irq.o
 *fill*         0x0000000010012116        0x2 
 .rodata.__func__.4739
                0x0000000010012118       0x1a build/libraries/pico-sdk/src/rp2_common/hardware_irq/irq.o
 *fill*         0x0000000010012132        0x2 
 .rodata        0x0000000010012134       0xf3 build/libraries/pico-sdk/src/rp2_common/hardware_clocks/clocks.o
 *fill*         0x0000000010012227        0x1 
 .rodata.__func__.4709
                0x0000000010012228       0x10 build/libraries/pico-sdk/src/rp2_common/hardware_clocks/clocks.o
 .rodata        0x0000000010012238       0x76 build/libraries/pico-sdk/src/rp2_common/pico_float/float_init_rom.o
 *fill*         0x00000000100122ae        0x2 
 .rodata.__func__.4616
                0x00000000100122b0       0x13 build/libraries/pico-sdk/src/rp2_common/pico_float/float_init_rom.o
 *fill*         0x00000000100122c3        0x1 
 .rodata        0x00000000100122c4       0xdd build/libraries/pico-sdk/src/common/pico_sync/mutex.o
 *fill*         0x00000000100123a1        0x3 
 .rodata.__func__.4706
                0x00000000100123a4        0xb build/libraries/pico-sdk/src/common/pico_sync/mutex.o
 *fill*         0x00000000100123af        0x1 
 .rodata        0x00000000100123b0       0xdd build/libraries/pico-sdk/src/rp2_common/hardware_timer/timer.o
 *fill*         0x000000001001248d        0x3 
 .rodata.__func__.4562
                0x0000000010012490       0x1a build/libraries/pico-sdk/src/rp2_common/hardware_timer/timer.o
 *fill*         0x00000000100124aa        0x2 
 .rodata        0x00000000100124ac      0x2dd build/libraries/pico-sdk/src/common/pico_time/time.o
 *fill*         0x0000000010012789        0x3 
 .rodata.__func__.5621
                0x000000001001278c       0x12 build/libraries/pico-sdk/src/common/pico_time/time.o
 *fill*         0x000000001001279e        0x2 
 .rodata.__func__.5614
                0x00000000100127a0        0xc build/libraries/pico-sdk/src/common/pico_time/time.o
 .rodata.__func__.5883
                0x00000000100127ac        0xa build/libraries/pico-sdk/src/common/pico_time/time.o
 *fill*         0x00000000100127b6        0x2 
 .rodata.__func__.5903
                0x00000000100127b8       0x17 build/libraries/pico-sdk/src/common/pico_time/time.o
 *fill*         0x00000000100127cf        0x1 
 .rodata.__func__.5914
                0x00000000100127d0       0x15 build/libraries/pico-sdk/src/common/pico_time/time.o
 *fill*         0x00000000100127e5        0x3 
 .rodata.__func__.5637
                0x00000000100127e8        0xf build/libraries/pico-sdk/src/common/pico_time/time.o
 *fill*         0x00000000100127f7        0x1 
 .rodata.__func__.5302
                0x00000000100127f8       0x15 build/libraries/pico-sdk/src/common/pico_time/time.o
 *fill*         0x000000001001280d        0x3 
 .rodata.__func__.5888
                0x0000000010012810       0x12 build/libraries/pico-sdk/src/common/pico_time/time.o
 *fill*         0x0000000010012822        0x2 
 .rodata        0x0000000010012824      0x163 build/libraries/pico-sdk/src/common/pico_util/pheap.o
 *fill*         0x0000000010012987        0x1 
 .rodata.__func__.5340
                0x0000000010012988       0x12 build/libraries/pico-sdk/src/common/pico_util/pheap.o
 *fill*         0x000000001001299a        0x2 
 .rodata.__func__.5333
                0x000000001001299c        0xc build/libraries/pico-sdk/src/common/pico_util/pheap.o
 .rodata.__func__.5426
                0x00000000100129a8       0x13 build/libraries/pico-sdk/src/common/pico_util/pheap.o
 *fill*         0x00000000100129bb        0x1 
 .rodata.__func__.5444
                0x00000000100129bc       0x18 build/libraries/pico-sdk/src/common/pico_util/pheap.o
 .rodata        0x00000000100129d4       0x74 build/libraries/pico-sdk/src/rp2_common/pico_runtime/runtime.o
 .rodata        0x0000000010012a48       0xd3 build/libraries/pico-sdk/src/rp2_common/hardware_pll/pll.o
 *fill*         0x0000000010012b1b        0x1 
 .rodata.__func__.4411
                0x0000000010012b1c        0x9 build/libraries/pico-sdk/src/rp2_common/hardware_pll/pll.o
 *fill*         0x0000000010012b25        0x3 
 .rodata        0x0000000010012b28       0x25 build/drivers/drv_gpio.o
 *fill*         0x0000000010012b4d        0x3 
 .rodata.pico_pin_mode
                0x0000000010012b50       0x14 build/drivers/drv_gpio.o
 .rodata.ops    0x0000000010012b64       0x1c build/drivers/drv_gpio.o
 .rodata.__FUNCTION__.6322
                0x0000000010012b80        0xe build/drivers/drv_gpio.o
 *fill*         0x0000000010012b8e        0x2 
 .rodata.__FUNCTION__.6334
                0x0000000010012b90        0xf build/drivers/drv_gpio.o
 *fill*         0x0000000010012b9f        0x1 
 .rodata.__FUNCTION__.6339
                0x0000000010012ba0        0xe build/drivers/drv_gpio.o
 *fill*         0x0000000010012bae        0x2 
 .rodata        0x0000000010012bb0       0x16 build/drivers/drv_uart.o
 *fill*         0x0000000010012bc6        0x2 
 .rodata._uart1_ops
                0x0000000010012bc8       0x14 build/drivers/drv_uart.o
 .rodata        0x0000000010012bdc      0x19f build/kernel/src/thread.o
 *fill*         0x0000000010012d7b        0x1 
 .rodata.__FUNCTION__.5186
                0x0000000010012d7c       0x10 build/kernel/src/thread.o
 .rodata.__FUNCTION__.5198
                0x0000000010012d8c        0xd build/kernel/src/thread.o
 *fill*         0x0000000010012d99        0x3 
 .rodata.__FUNCTION__.5219
                0x0000000010012d9c       0x12 build/kernel/src/thread.o
 *fill*         0x0000000010012dae        0x2 
 .rodata.__FUNCTION__.5224
                0x0000000010012db0       0x11 build/kernel/src/thread.o
 *fill*         0x0000000010012dc1        0x3 
 .rodata.__FUNCTION__.5240
                0x0000000010012dc4       0x11 build/kernel/src/thread.o
 *fill*         0x0000000010012dd5        0x3 
 .rodata.__FUNCTION__.5274
                0x0000000010012dd8       0x12 build/kernel/src/thread.o
 *fill*         0x0000000010012dea        0x2 
 .rodata.__FUNCTION__.5286
                0x0000000010012dec       0x12 build/kernel/src/thread.o
 *fill*         0x0000000010012dfe        0x2 
 .rodata.__FUNCTION__.5291
                0x0000000010012e00       0x11 build/kernel/src/thread.o
 *fill*         0x0000000010012e11        0x3 
 .rodata        0x0000000010012e14      0x4de build/kernel/src/ipc.o
 *fill*         0x00000000100132f2        0x2 
 .rodata.__FUNCTION__.5200
                0x00000000100132f4        0xc build/kernel/src/ipc.o
 .rodata.__FUNCTION__.5224
                0x0000000010013300        0xc build/kernel/src/ipc.o
 .rodata.__FUNCTION__.5181
                0x000000001001330c       0x12 build/kernel/src/ipc.o
 *fill*         0x000000001001331e        0x2 
 .rodata.__FUNCTION__.5236
                0x0000000010013320        0xf build/kernel/src/ipc.o
 *fill*         0x000000001001332f        0x1 
 .rodata.__FUNCTION__.5274
                0x0000000010013330        0xe build/kernel/src/ipc.o
 *fill*         0x000000001001333e        0x2 
 .rodata.__FUNCTION__.5286
                0x0000000010013340       0x11 build/kernel/src/ipc.o
 *fill*         0x0000000010013351        0x3 